Component: Arm Compiler for Embedded 6.23 Tool: armlink [5f102400]

==============================================================================

Section Cross References

    startup_stm32f411xe.o(RESET) refers to startup_stm32f411xe.o(STACK) for __initial_sp
    startup_stm32f411xe.o(RESET) refers to startup_stm32f411xe.o(.text) for Reset_Handler
    startup_stm32f411xe.o(RESET) refers to stm32f4xx_it.o(.text.NMI_Handler) for NMI_Handler
    startup_stm32f411xe.o(RESET) refers to stm32f4xx_it.o(.text.HardFault_Handler) for HardFault_Handler
    startup_stm32f411xe.o(RESET) refers to stm32f4xx_it.o(.text.MemManage_Handler) for MemManage_Handler
    startup_stm32f411xe.o(RESET) refers to stm32f4xx_it.o(.text.BusFault_Handler) for BusFault_Handler
    startup_stm32f411xe.o(RESET) refers to stm32f4xx_it.o(.text.UsageFault_Handler) for UsageFault_Handler
    startup_stm32f411xe.o(RESET) refers to stm32f4xx_it.o(.text.SVC_Handler) for SVC_Handler
    startup_stm32f411xe.o(RESET) refers to stm32f4xx_it.o(.text.DebugMon_Handler) for DebugMon_Handler
    startup_stm32f411xe.o(RESET) refers to stm32f4xx_it.o(.text.PendSV_Handler) for PendSV_Handler
    startup_stm32f411xe.o(RESET) refers to stm32f4xx_it.o(.text.SysTick_Handler) for SysTick_Handler
    startup_stm32f411xe.o(RESET) refers to stm32f4xx_it.o(.text.ADC_IRQHandler) for ADC_IRQHandler
    startup_stm32f411xe.o(RESET) refers to stm32f4xx_it.o(.text.EXTI9_5_IRQHandler) for EXTI9_5_IRQHandler
    startup_stm32f411xe.o(RESET) refers to stm32f4xx_it.o(.text.USART1_IRQHandler) for USART1_IRQHandler
    startup_stm32f411xe.o(RESET) refers to stm32f4xx_it.o(.text.USART2_IRQHandler) for USART2_IRQHandler
    startup_stm32f411xe.o(RESET) refers to stm32f4xx_it.o(.text.USART6_IRQHandler) for USART6_IRQHandler
    startup_stm32f411xe.o(.text) refers to system_stm32f4xx.o(.text.SystemInit) for SystemInit
    startup_stm32f411xe.o(.text) refers to entry.o(.ARM.Collect$$$$00000000) for __main
    main.o(.text.main) refers to stm32f4xx_hal.o(.text.HAL_Init) for HAL_Init
    main.o(.text.main) refers to main.o(.text.SystemClock_Config) for SystemClock_Config
    main.o(.text.main) refers to stm32f4xx_hal_gpio.o(.text.HAL_GPIO_WritePin) for HAL_GPIO_WritePin
    main.o(.text.main) refers to stm32f4xx_hal_gpio.o(.text.HAL_GPIO_Init) for HAL_GPIO_Init
    main.o(.text.main) refers to stm32f4xx_hal_cortex.o(.text.HAL_NVIC_SetPriority) for HAL_NVIC_SetPriority
    main.o(.text.main) refers to stm32f4xx_hal_cortex.o(.text.HAL_NVIC_EnableIRQ) for HAL_NVIC_EnableIRQ
    main.o(.text.main) refers to main.o(.bss.huart2) for huart2
    main.o(.text.main) refers to stm32f4xx_hal_uart.o(.text.HAL_UART_Init) for HAL_UART_Init
    main.o(.text.main) refers to main.o(.bss.hadc1) for hadc1
    main.o(.text.main) refers to stm32f4xx_hal_adc.o(.text.HAL_ADC_Init) for HAL_ADC_Init
    main.o(.text.main) refers to stm32f4xx_hal_adc.o(.text.HAL_ADC_ConfigChannel) for HAL_ADC_ConfigChannel
    main.o(.text.main) refers to stm32f4xx_hal_adc_ex.o(.text.HAL_ADCEx_InjectedConfigChannel) for HAL_ADCEx_InjectedConfigChannel
    main.o(.text.main) refers to main.o(.bss.huart1) for huart1
    main.o(.text.main) refers to main.o(.bss.huart6) for huart6
    main.o(.text.main) refers to stm32f4xx_hal_uart.o(.text.HAL_UART_DeInit) for HAL_UART_DeInit
    main.o(.text.main) refers to main.o(.bss..L_MergedGlobals.6) for .L_MergedGlobals.6
    main.o(.text.main) refers to stm32f4xx_hal_uart.o(.text.HAL_UART_Receive_IT) for HAL_UART_Receive_IT
    main.o(.text.main) refers to stm32f4xx_hal_adc.o(.text.HAL_ADC_Start_IT) for HAL_ADC_Start_IT
    main.o(.text.main) refers to stm32f4xx_hal.o(.text.HAL_GetTick) for HAL_GetTick
    main.o(.text.main) refers to stm32f4xx_hal_uart.o(.text.HAL_UART_Transmit) for HAL_UART_Transmit
    main.o(.text.main) refers to main.o(.data..L_MergedGlobals) for .L_MergedGlobals
    main.o(.text.main) refers to stm32f4xx_hal.o(.text.HAL_Delay) for HAL_Delay
    main.o(.text.main) refers to main.o(.bss.ble_line) for ble_line
    main.o(.text.main) refers to memcpya.o(.text) for __aeabi_memcpy4
    main.o(.text.main) refers to f2d.o(.text) for __aeabi_f2d
    main.o(.text.main) refers to printfa.o(i.__0snprintf) for __2snprintf
    main.o(.text.main) refers to main.o(.rodata.str1.1) for .L.str.5
    main.o(.ARM.exidx.text.main) refers to main.o(.text.main) for [Anonymous Symbol]
    main.o(.text.SystemClock_Config) refers to memseta.o(.text) for __aeabi_memclr4
    main.o(.text.SystemClock_Config) refers to stm32f4xx_hal_rcc.o(.text.HAL_RCC_OscConfig) for HAL_RCC_OscConfig
    main.o(.text.SystemClock_Config) refers to stm32f4xx_hal_rcc.o(.text.HAL_RCC_ClockConfig) for HAL_RCC_ClockConfig
    main.o(.ARM.exidx.text.SystemClock_Config) refers to main.o(.text.SystemClock_Config) for [Anonymous Symbol]
    main.o(.ARM.exidx.text.Error_Handler) refers to main.o(.text.Error_Handler) for [Anonymous Symbol]
    main.o(.text.HAL_UART_RxCpltCallback) refers to main.o(.bss.huart2) for huart2
[...]
    Removing stm32f4xx_hal_gpio.o(.text), (0 bytes).
    Removing stm32f4xx_hal_gpio.o(.ARM.exidx.text.HAL_GPIO_Init), (8 bytes).
    Removing stm32f4xx_hal_gpio.o(.ARM.exidx.text.HAL_GPIO_DeInit), (8 bytes).
    Removing stm32f4xx_hal_gpio.o(.ARM.exidx.text.HAL_GPIO_ReadPin), (8 bytes).
    Removing stm32f4xx_hal_gpio.o(.ARM.exidx.text.HAL_GPIO_WritePin), (8 bytes).
    Removing stm32f4xx_hal_gpio.o(.ARM.exidx.text.HAL_GPIO_TogglePin), (8 bytes).
    Removing stm32f4xx_hal_gpio.o(.text.HAL_GPIO_LockPin), (44 bytes).
    Removing stm32f4xx_hal_gpio.o(.ARM.exidx.text.HAL_GPIO_LockPin), (8 bytes).
    Removing stm32f4xx_hal_gpio.o(.ARM.exidx.text.HAL_GPIO_EXTI_IRQHandler), (8 bytes).
    Removing stm32f4xx_hal_gpio.o(.text.HAL_GPIO_EXTI_Callback), (2 bytes).
    Removing stm32f4xx_hal_gpio.o(.ARM.exidx.text.HAL_GPIO_EXTI_Callback), (8 bytes).
    Removing stm32f4xx_hal_dma_ex.o(.text), (0 bytes).
    Removing stm32f4xx_hal_dma_ex.o(.text.HAL_DMAEx_MultiBufferStart), (114 bytes).
    Removing stm32f4xx_hal_dma_ex.o(.ARM.exidx.text.HAL_DMAEx_MultiBufferStart), (8 bytes).
    Removing stm32f4xx_hal_dma_ex.o(.text.HAL_DMAEx_MultiBufferStart_IT), (1236 bytes).
    Removing stm32f4xx_hal_dma_ex.o(.ARM.exidx.text.HAL_DMAEx_MultiBufferStart_IT), (8 bytes).
    Removing stm32f4xx_hal_dma_ex.o(.text.HAL_DMAEx_ChangeMemory), (20 bytes).
    Removing stm32f4xx_hal_dma_ex.o(.ARM.exidx.text.HAL_DMAEx_ChangeMemory), (8 bytes).
    Removing stm32f4xx_hal_dma.o(.text), (0 bytes).
    Removing stm32f4xx_hal_dma.o(.text.HAL_DMA_Init), (354 bytes).
    Removing stm32f4xx_hal_dma.o(.ARM.exidx.text.HAL_DMA_Init), (8 bytes).
    Removing stm32f4xx_hal_dma.o(.text.HAL_DMA_DeInit), (136 bytes).
    Removing stm32f4xx_hal_dma.o(.ARM.exidx.text.HAL_DMA_DeInit), (8 bytes).
    Removing stm32f4xx_hal_dma.o(.text.HAL_DMA_Start), (114 bytes).
    Removing stm32f4xx_hal_dma.o(.ARM.exidx.text.HAL_DMA_Start), (8 bytes).
    Removing stm32f4xx_hal_dma.o(.text.HAL_DMA_Start_IT), (162 bytes).
    Removing stm32f4xx_hal_dma.o(.ARM.exidx.text.HAL_DMA_Start_IT), (8 bytes).
    Removing stm32f4xx_hal_dma.o(.ARM.exidx.text.HAL_DMA_Abort), (8 bytes).
    Removing stm32f4xx_hal_dma.o(.ARM.exidx.text.HAL_DMA_Abort_IT), (8 bytes).
    Removing stm32f4xx_hal_dma.o(.text.HAL_DMA_PollForTransfer), (454 bytes).
    Removing stm32f4xx_hal_dma.o(.ARM.exidx.text.HAL_DMA_PollForTransfer), (8 bytes).
    Removing stm32f4xx_hal_dma.o(.text.HAL_DMA_IRQHandler), (452 bytes).
    Removing stm32f4xx_hal_dma.o(.ARM.exidx.text.HAL_DMA_IRQHandler), (8 bytes).
    Removing stm32f4xx_hal_dma.o(.text.HAL_DMA_RegisterCallback), (50 bytes).
    Removing stm32f4xx_hal_dma.o(.ARM.exidx.text.HAL_DMA_RegisterCallback), (8 bytes).
    Removing stm32f4xx_hal_dma.o(.text.HAL_DMA_UnRegisterCallback), (156 bytes).
    Removing stm32f4xx_hal_dma.o(.ARM.exidx.text.HAL_DMA_UnRegisterCallback), (8 bytes).
    Removing stm32f4xx_hal_dma.o(.text.HAL_DMA_GetState), (6 bytes).
    Removing stm32f4xx_hal_dma.o(.ARM.exidx.text.HAL_DMA_GetState), (8 bytes).
    Removing stm32f4xx_hal_dma.o(.text.HAL_DMA_GetError), (4 bytes).
    Removing stm32f4xx_hal_dma.o(.ARM.exidx.text.HAL_DMA_GetError), (8 bytes).
    Removing stm32f4xx_hal_dma.o(.rodata.cst8), (8 bytes).
    Removing stm32f4xx_hal_pwr.o(.text), (0 bytes).
    Removing stm32f4xx_hal_pwr.o(.text.HAL_PWR_DeInit), (26 bytes).
    Removing stm32f4xx_hal_pwr.o(.ARM.exidx.text.HAL_PWR_DeInit), (8 bytes).
    Removing stm32f4xx_hal_pwr.o(.text.HAL_PWR_EnableBkUpAccess), (30 bytes).
    Removing stm32f4xx_hal_pwr.o(.ARM.exidx.text.HAL_PWR_EnableBkUpAccess), (8 bytes).
    Removing stm32f4xx_hal_pwr.o(.text.HAL_PWR_DisableBkUpAccess), (30 bytes).
    Removing stm32f4xx_hal_pwr.o(.ARM.exidx.text.HAL_PWR_DisableBkUpAccess), (8 bytes).
    Removing stm32f4xx_hal_pwr.o(.text.HAL_PWR_ConfigPVD), (130 bytes).
    Removing stm32f4xx_hal_pwr.o(.ARM.exidx.text.HAL_PWR_ConfigPVD), (8 bytes).
    Removing stm32f4xx_hal_pwr.o(.text.HAL_PWR_EnablePVD), (12 bytes).
    Removing stm32f4xx_hal_pwr.o(.ARM.exidx.text.HAL_PWR_EnablePVD), (8 bytes).
    Removing stm32f4xx_hal_pwr.o(.text.HAL_PWR_DisablePVD), (12 bytes).
    Removing stm32f4xx_hal_pwr.o(.ARM.exidx.text.HAL_PWR_DisablePVD), (8 bytes).
    Removing stm32f4xx_hal_pwr.o(.text.HAL_PWR_EnableWakeUpPin), (16 bytes).
    Removing stm32f4xx_hal_pwr.o(.ARM.exidx.text.HAL_PWR_EnableWakeUpPin), (8 bytes).
    Removing stm32f4xx_hal_pwr.o(.text.HAL_PWR_DisableWakeUpPin), (18 bytes).
    Removing stm32f4xx_hal_pwr.o(.ARM.exidx.text.HAL_PWR_DisableWakeUpPin), (8 bytes).
    Removing stm32f4xx_hal_pwr.o(.text.HAL_PWR_EnterSLEEPMode), (36 bytes).
    Removing stm32f4xx_hal_pwr.o(.ARM.exidx.text.HAL_PWR_EnterSLEEPMode), (8 bytes).
    Removing stm32f4xx_hal_pwr.o(.text.HAL_PWR_EnterSTOPMode), (84 bytes).
    Removing stm32f4xx_hal_pwr.o(.ARM.exidx.text.HAL_PWR_EnterSTOPMode), (8 bytes).
    Removing stm32f4xx_hal_pwr.o(.text.HAL_PWR_EnterSTANDBYMode), (36 bytes).
    Removing stm32f4xx_hal_pwr.o(.ARM.exidx.text.HAL_PWR_EnterSTANDBYMode), (8 bytes).
    Removing stm32f4xx_hal_pwr.o(.text.HAL_PWR_PVD_IRQHandler), (30 bytes).
    Removing stm32f4xx_hal_pwr.o(.ARM.exidx.text.HAL_PWR_PVD_IRQHandler), (8 bytes).
    Removing stm32f4xx_hal_pwr.o(.text.HAL_PWR_PVDCallback), (2 bytes).
    Removing stm32f4xx_hal_pwr.o(.ARM.exidx.text.HAL_PWR_PVDCallback), (8 bytes).
    Removing stm32f4xx_hal_pwr.o(.text.HAL_PWR_EnableSleepOnExit), (18 bytes).
    Removing stm32f4xx_hal_pwr.o(.ARM.exidx.text.HAL_PWR_EnableSleepOnExit), (8 bytes).
    Removing stm32f4xx_hal_pwr.o(.text.HAL_PWR_DisableSleepOnExit), (18 bytes).
    Removing stm32f4xx_hal_pwr.o(.ARM.exidx.text.HAL_PWR_DisableSleepOnExit), (8 bytes).
    Removing stm32f4xx_hal_pwr.o(.text.HAL_PWR_EnableSEVOnPend), (18 bytes).
    Removing stm32f4xx_hal_pwr.o(.ARM.exidx.text.HAL_PWR_EnableSEVOnPend), (8 bytes).
    Removing stm32f4xx_hal_pwr.o(.text.HAL_PWR_DisableSEVOnPend), (18 bytes).
    Removing stm32f4xx_hal_pwr.o(.ARM.exidx.text.HAL_PWR_DisableSEVOnPend), (8 bytes).
    Removing stm32f4xx_hal_pwr_ex.o(.text), (0 bytes).
    Removing stm32f4xx_hal_pwr_ex.o(.text.HAL_PWREx_EnableBkUpReg), (56 bytes).
    Removing stm32f4xx_hal_pwr_ex.o(.ARM.exidx.text.HAL_PWREx_EnableBkUpReg), (8 bytes).
    Removing stm32f4xx_hal_pwr_ex.o(.text.HAL_PWREx_DisableBkUpReg), (56 bytes).
    Removing stm32f4xx_hal_pwr_ex.o(.ARM.exidx.text.HAL_PWREx_DisableBkUpReg), (8 bytes).
    Removing stm32f4xx_hal_pwr_ex.o(.text.HAL_PWREx_EnableFlashPowerDown), (12 bytes).
    Removing stm32f4xx_hal_pwr_ex.o(.ARM.exidx.text.HAL_PWREx_EnableFlashPowerDown), (8 bytes).
    Removing stm32f4xx_hal_pwr_ex.o(.text.HAL_PWREx_DisableFlashPowerDown), (12 bytes).
    Removing stm32f4xx_hal_pwr_ex.o(.ARM.exidx.text.HAL_PWREx_DisableFlashPowerDown), (8 bytes).
    Removing stm32f4xx_hal_pwr_ex.o(.text.HAL_PWREx_GetVoltageRange), (16 bytes).
    Removing stm32f4xx_hal_pwr_ex.o(.ARM.exidx.text.HAL_PWREx_GetVoltageRange), (8 bytes).
    Removing stm32f4xx_hal_pwr_ex.o(.text.HAL_PWREx_ControlVoltageScaling), (194 bytes).
    Removing stm32f4xx_hal_pwr_ex.o(.ARM.exidx.text.HAL_PWREx_ControlVoltageScaling), (8 bytes).
    Removing stm32f4xx_hal_pwr_ex.o(.text.HAL_PWREx_EnableMainRegulatorLowVoltage), (12 bytes).
    Removing stm32f4xx_hal_pwr_ex.o(.ARM.exidx.text.HAL_PWREx_EnableMainRegulatorLowVoltage), (8 bytes).
    Removing stm32f4xx_hal_pwr_ex.o(.text.HAL_PWREx_DisableMainRegulatorLowVoltage), (12 bytes).
    Removing stm32f4xx_hal_pwr_ex.o(.ARM.exidx.text.HAL_PWREx_DisableMainRegulatorLowVoltage), (8 bytes).
    Removing stm32f4xx_hal_pwr_ex.o(.text.HAL_PWREx_EnableLowRegulatorLowVoltage), (12 bytes).
    Removing stm32f4xx_hal_pwr_ex.o(.ARM.exidx.text.HAL_PWREx_EnableLowRegulatorLowVoltage), (8 bytes).
    Removing stm32f4xx_hal_pwr_ex.o(.text.HAL_PWREx_DisableLowRegulatorLowVoltage), (12 bytes).
    Removing stm32f4xx_hal_pwr_ex.o(.ARM.exidx.text.HAL_PWREx_DisableLowRegulatorLowVoltage), (8 bytes).
    Removing stm32f4xx_hal_cortex.o(.text), (0 bytes).
    Removing stm32f4xx_hal_cortex.o(.ARM.exidx.text.HAL_NVIC_SetPriorityGrouping), (8 bytes).
    Removing stm32f4xx_hal_cortex.o(.ARM.exidx.text.HAL_NVIC_SetPriority), (8 bytes).
    Removing stm32f4xx_hal_cortex.o(.ARM.exidx.text.HAL_NVIC_EnableIRQ), (8 bytes).
    Removing stm32f4xx_hal_cortex.o(.ARM.exidx.text.HAL_NVIC_DisableIRQ), (8 bytes).
    Removing stm32f4xx_hal_cortex.o(.text.HAL_NVIC_SystemReset), (4 bytes).
    Removing stm32f4xx_hal_cortex.o(.ARM.exidx.text.HAL_NVIC_SystemReset), (8 bytes).
    Removing stm32f4xx_hal_cortex.o(.text.__NVIC_SystemReset), (42 bytes).
    Removing stm32f4xx_hal_cortex.o(.ARM.exidx.text.__NVIC_SystemReset), (8 bytes).
    Removing stm32f4xx_hal_cortex.o(.ARM.exidx.text.HAL_SYSTICK_Config), (8 bytes).
    Removing stm32f4xx_hal_cortex.o(.text.HAL_MPU_Disable), (26 bytes).
    Removing stm32f4xx_hal_cortex.o(.ARM.exidx.text.HAL_MPU_Disable), (8 bytes).
    Removing stm32f4xx_hal_cortex.o(.text.HAL_MPU_Enable), (32 bytes).
    Removing stm32f4xx_hal_cortex.o(.ARM.exidx.text.HAL_MPU_Enable), (8 bytes).
    Removing stm32f4xx_hal_cortex.o(.text.HAL_MPU_EnableRegion), (22 bytes).
    Removing stm32f4xx_hal_cortex.o(.ARM.exidx.text.HAL_MPU_EnableRegion), (8 bytes).
    Removing stm32f4xx_hal_cortex.o(.text.HAL_MPU_DisableRegion), (22 bytes).
    Removing stm32f4xx_hal_cortex.o(.ARM.exidx.text.HAL_MPU_DisableRegion), (8 bytes).
    Removing stm32f4xx_hal_cortex.o(.text.HAL_MPU_ConfigRegion), (94 bytes).
    Removing stm32f4xx_hal_cortex.o(.ARM.exidx.text.HAL_MPU_ConfigRegion), (8 bytes).
    Removing stm32f4xx_hal_cortex.o(.text.HAL_CORTEX_ClearEvent), (6 bytes).
    Removing stm32f4xx_hal_cortex.o(.ARM.exidx.text.HAL_CORTEX_ClearEvent), (8 bytes).
    Removing stm32f4xx_hal_cortex.o(.text.HAL_NVIC_GetPriorityGrouping), (16 bytes).
    Removing stm32f4xx_hal_cortex.o(.ARM.exidx.text.HAL_NVIC_GetPriorityGrouping), (8 bytes).
    Removing stm32f4xx_hal_cortex.o(.text.HAL_NVIC_GetPriority), (88 bytes).
    Removing stm32f4xx_hal_cortex.o(.ARM.exidx.text.HAL_NVIC_GetPriority), (8 bytes).
    Removing stm32f4xx_hal_cortex.o(.text.HAL_NVIC_SetPendingIRQ), (34 bytes).
    Removing stm32f4xx_hal_cortex.o(.ARM.exidx.text.HAL_NVIC_SetPendingIRQ), (8 bytes).
    Removing stm32f4xx_hal_cortex.o(.text.HAL_NVIC_GetPendingIRQ), (38 bytes).
    Removing stm32f4xx_hal_cortex.o(.ARM.exidx.text.HAL_NVIC_GetPendingIRQ), (8 bytes).
    Removing stm32f4xx_hal_cortex.o(.text.HAL_NVIC_ClearPendingIRQ), (34 bytes).
    Removing stm32f4xx_hal_cortex.o(.ARM.exidx.text.HAL_NVIC_ClearPendingIRQ), (8 bytes).
    Removing stm32f4xx_hal_cortex.o(.text.HAL_NVIC_GetActive), (38 bytes).
    Removing stm32f4xx_hal_cortex.o(.ARM.exidx.text.HAL_NVIC_GetActive), (8 bytes).
    Removing stm32f4xx_hal_cortex.o(.text.HAL_SYSTICK_CLKSourceConfig), (24 bytes).
    Removing stm32f4xx_hal_cortex.o(.ARM.exidx.text.HAL_SYSTICK_CLKSourceConfig), (8 bytes).
    Removing stm32f4xx_hal_cortex.o(.text.HAL_SYSTICK_IRQHandler), (4 bytes).
    Removing stm32f4xx_hal_cortex.o(.ARM.exidx.text.HAL_SYSTICK_IRQHandler), (8 bytes).
    Removing stm32f4xx_hal_cortex.o(.text.HAL_SYSTICK_Callback), (2 bytes).
    Removing stm32f4xx_hal_cortex.o(.ARM.exidx.text.HAL_SYSTICK_Callback), (8 bytes).
    Removing stm32f4xx_hal.o(.text), (0 bytes).
    Removing stm32f4xx_hal.o(.ARM.exidx.text.HAL_Init), (8 bytes).
    Removing stm32f4xx_hal.o(.ARM.exidx.text.HAL_InitTick), (8 bytes).
    Removing stm32f4xx_hal.o(.text.HAL_MspInit), (2 bytes).
    Removing stm32f4xx_hal.o(.ARM.exidx.text.HAL_MspInit), (8 bytes).
    Removing stm32f4xx_hal.o(.text.HAL_DeInit), (70 bytes).
    Removing stm32f4xx_hal.o(.ARM.exidx.text.HAL_DeInit), (8 bytes).
    Removing stm32f4xx_hal.o(.text.HAL_MspDeInit), (2 bytes).
    Removing stm32f4xx_hal.o(.ARM.exidx.text.HAL_MspDeInit), (8 bytes).
    Removing stm32f4xx_hal.o(.ARM.exidx.text.HAL_IncTick), (8 bytes).
    Removing stm32f4xx_hal.o(.ARM.exidx.text.HAL_GetTick), (8 bytes).
    Removing stm32f4xx_hal.o(.text.HAL_GetTickPrio), (12 bytes).
    Removing stm32f4xx_hal.o(.ARM.exidx.text.HAL_GetTickPrio), (8 bytes).
    Removing stm32f4xx_hal.o(.text.HAL_SetTickFreq), (38 bytes).
    Removing stm32f4xx_hal.o(.ARM.exidx.text.HAL_SetTickFreq), (8 bytes).
    Removing stm32f4xx_hal.o(.text.HAL_GetTickFreq), (12 bytes).
    Removing stm32f4xx_hal.o(.ARM.exidx.text.HAL_GetTickFreq), (8 bytes).
    Removing stm32f4xx_hal.o(.ARM.exidx.text.HAL_Delay), (8 bytes).
    Removing stm32f4xx_hal.o(.text.HAL_SuspendTick), (18 bytes).
    Removing stm32f4xx_hal.o(.ARM.exidx.text.HAL_SuspendTick), (8 bytes).
    Removing stm32f4xx_hal.o(.text.HAL_ResumeTick), (18 bytes).
    Removing stm32f4xx_hal.o(.ARM.exidx.text.HAL_ResumeTick), (8 bytes).
    Removing stm32f4xx_hal.o(.text.HAL_GetHalVersion), (10 bytes).
    Removing stm32f4xx_hal.o(.ARM.exidx.text.HAL_GetHalVersion), (8 bytes).
    Removing stm32f4xx_hal.o(.text.HAL_GetREVID), (14 bytes).
    Removing stm32f4xx_hal.o(.ARM.exidx.text.HAL_GetREVID), (8 bytes).
    Removing stm32f4xx_hal.o(.text.HAL_GetDEVID), (16 bytes).
    Removing stm32f4xx_hal.o(.ARM.exidx.text.HAL_GetDEVID), (8 bytes).
    Removing stm32f4xx_hal.o(.text.HAL_DBGMCU_EnableDBGSleepMode), (18 bytes).
    Removing stm32f4xx_hal.o(.ARM.exidx.text.HAL_DBGMCU_EnableDBGSleepMode), (8 bytes).
    Removing stm32f4xx_hal.o(.text.HAL_DBGMCU_DisableDBGSleepMode), (18 bytes).
    Removing stm32f4xx_hal.o(.ARM.exidx.text.HAL_DBGMCU_DisableDBGSleepMode), (8 bytes).
    Removing stm32f4xx_hal.o(.text.HAL_DBGMCU_EnableDBGStopMode), (18 bytes).
    Removing stm32f4xx_hal.o(.ARM.exidx.text.HAL_DBGMCU_EnableDBGStopMode), (8 bytes).
    Removing stm32f4xx_hal.o(.text.HAL_DBGMCU_DisableDBGStopMode), (18 bytes).
    Removing stm32f4xx_hal.o(.ARM.exidx.text.HAL_DBGMCU_DisableDBGStopMode), (8 bytes).
    Removing stm32f4xx_hal.o(.text.HAL_DBGMCU_EnableDBGStandbyMode), (18 bytes).
    Removing stm32f4xx_hal.o(.ARM.exidx.text.HAL_DBGMCU_EnableDBGStandbyMode), (8 bytes).
    Removing stm32f4xx_hal.o(.text.HAL_DBGMCU_DisableDBGStandbyMode), (18 bytes).
    Removing stm32f4xx_hal.o(.ARM.exidx.text.HAL_DBGMCU_DisableDBGStandbyMode), (8 bytes).
    Removing stm32f4xx_hal.o(.text.HAL_EnableCompensationCell), (14 bytes).
    Removing stm32f4xx_hal.o(.ARM.exidx.text.HAL_EnableCompensationCell), (8 bytes).
    Removing stm32f4xx_hal.o(.text.HAL_DisableCompensationCell), (14 bytes).
    Removing stm32f4xx_hal.o(.ARM.exidx.text.HAL_DisableCompensationCell), (8 bytes).
    Removing stm32f4xx_hal.o(.text.HAL_GetUIDw0), (12 bytes).
    Removing stm32f4xx_hal.o(.ARM.exidx.text.HAL_GetUIDw0), (8 bytes).
    Removing stm32f4xx_hal.o(.text.HAL_GetUIDw1), (12 bytes).
    Removing stm32f4xx_hal.o(.ARM.exidx.text.HAL_GetUIDw1), (8 bytes).
    Removing stm32f4xx_hal.o(.text.HAL_GetUIDw2), (12 bytes).
    Removing stm32f4xx_hal.o(.ARM.exidx.text.HAL_GetUIDw2), (8 bytes).
    Removing stm32f4xx_hal_exti.o(.text), (0 bytes).
    Removing stm32f4xx_hal_exti.o(.text.HAL_EXTI_SetConfigLine), (186 bytes).
    Removing stm32f4xx_hal_exti.o(.ARM.exidx.text.HAL_EXTI_SetConfigLine), (8 bytes).
    Removing stm32f4xx_hal_exti.o(.text.HAL_EXTI_GetConfigLine), (148 bytes).
    Removing stm32f4xx_hal_exti.o(.ARM.exidx.text.HAL_EXTI_GetConfigLine), (8 bytes).
    Removing stm32f4xx_hal_exti.o(.text.HAL_EXTI_ClearConfigLine), (140 bytes).
    Removing stm32f4xx_hal_exti.o(.ARM.exidx.text.HAL_EXTI_ClearConfigLine), (8 bytes).
    Removing stm32f4xx_hal_exti.o(.text.HAL_EXTI_RegisterCallback), (12 bytes).
    Removing stm32f4xx_hal_exti.o(.ARM.exidx.text.HAL_EXTI_RegisterCallback), (8 bytes).
    Removing stm32f4xx_hal_exti.o(.text.HAL_EXTI_GetHandle), (12 bytes).
    Removing stm32f4xx_hal_exti.o(.ARM.exidx.text.HAL_EXTI_GetHandle), (8 bytes).
    Removing stm32f4xx_hal_exti.o(.text.HAL_EXTI_IRQHandler), (42 bytes).
    Removing stm32f4xx_hal_exti.o(.ARM.exidx.text.HAL_EXTI_IRQHandler), (8 bytes).
    Removing stm32f4xx_hal_exti.o(.text.HAL_EXTI_GetPending), (26 bytes).
    Removing stm32f4xx_hal_exti.o(.ARM.exidx.text.HAL_EXTI_GetPending), (8 bytes).
    Removing stm32f4xx_hal_exti.o(.text.HAL_EXTI_ClearPending), (24 bytes).
    Removing stm32f4xx_hal_exti.o(.ARM.exidx.text.HAL_EXTI_ClearPending), (8 bytes).
    Removing stm32f4xx_hal_exti.o(.text.HAL_EXTI_GenerateSWI), (24 bytes).
    Removing stm32f4xx_hal_exti.o(.ARM.exidx.text.HAL_EXTI_GenerateSWI), (8 bytes).
    Removing stm32f4xx_hal_uart.o(.text), (0 bytes).
    Removing stm32f4xx_hal_uart.o(.ARM.exidx.text.HAL_UART_Init), (8 bytes).
    Removing stm32f4xx_hal_uart.o(.text.HAL_UART_MspInit), (2 bytes).
    Removing stm32f4xx_hal_uart.o(.ARM.exidx.text.HAL_UART_MspInit), (8 bytes).
    Removing stm32f4xx_hal_uart.o(.ARM.exidx.text.UART_SetConfig), (8 bytes).
    Removing stm32f4xx_hal_uart.o(.text.HAL_HalfDuplex_Init), (104 bytes).
    Removing stm32f4xx_hal_uart.o(.ARM.exidx.text.HAL_HalfDuplex_Init), (8 bytes).
    Removing stm32f4xx_hal_uart.o(.text.HAL_LIN_Init), (120 bytes).
    Removing stm32f4xx_hal_uart.o(.ARM.exidx.text.HAL_LIN_Init), (8 bytes).
    Removing stm32f4xx_hal_uart.o(.text.HAL_MultiProcessor_Init), (128 bytes).
    Removing stm32f4xx_hal_uart.o(.ARM.exidx.text.HAL_MultiProcessor_Init), (8 bytes).
    Removing stm32f4xx_hal_uart.o(.ARM.exidx.text.HAL_UART_DeInit), (8 bytes).
    Removing stm32f4xx_hal_uart.o(.text.HAL_UART_MspDeInit), (2 bytes).
    Removing stm32f4xx_hal_uart.o(.ARM.exidx.text.HAL_UART_MspDeInit), (8 bytes).
    Removing stm32f4xx_hal_uart.o(.ARM.exidx.text.HAL_UART_Transmit), (8 bytes).
    Removing stm32f4xx_hal_uart.o(.text.HAL_UART_Receive), (558 bytes).
    Removing stm32f4xx_hal_uart.o(.ARM.exidx.text.HAL_UART_Receive), (8 bytes).
    Removing stm32f4xx_hal_uart.o(.text.HAL_UART_Transmit_IT), (62 bytes).
    Removing stm32f4xx_hal_uart.o(.ARM.exidx.text.HAL_UART_Transmit_IT), (8 bytes).
    Removing stm32f4xx_hal_uart.o(.ARM.exidx.text.HAL_UART_Receive_IT), (8 bytes).
    Removing stm32f4xx_hal_uart.o(.text.UART_Start_Receive_IT), (50 bytes).
    Removing stm32f4xx_hal_uart.o(.ARM.exidx.text.UART_Start_Receive_IT), (8 bytes).
    Removing stm32f4xx_hal_uart.o(.text.HAL_UART_Transmit_DMA), (212 bytes).
    Removing stm32f4xx_hal_uart.o(.ARM.exidx.text.HAL_UART_Transmit_DMA), (8 bytes).
    Removing stm32f4xx_hal_uart.o(.text.UART_DMATransmitCplt), (176 bytes).
    Removing stm32f4xx_hal_uart.o(.ARM.exidx.text.UART_DMATransmitCplt), (8 bytes).
    Removing stm32f4xx_hal_uart.o(.text.UART_DMATxHalfCplt), (6 bytes).
    Removing stm32f4xx_hal_uart.o(.ARM.exidx.text.UART_DMATxHalfCplt), (8 bytes).
    Removing stm32f4xx_hal_uart.o(.text.UART_DMAError), (380 bytes).
    Removing stm32f4xx_hal_uart.o(.ARM.exidx.text.UART_DMAError), (8 bytes).
    Removing stm32f4xx_hal_uart.o(.text.HAL_UART_Receive_DMA), (384 bytes).
    Removing stm32f4xx_hal_uart.o(.ARM.exidx.text.HAL_UART_Receive_DMA), (8 bytes).
    Removing stm32f4xx_hal_uart.o(.text.UART_Start_Receive_DMA), (336 bytes).
    Removing stm32f4xx_hal_uart.o(.ARM.exidx.text.UART_Start_Receive_DMA), (8 bytes).
    Removing stm32f4xx_hal_uart.o(.text.HAL_UART_DMAPause), (342 bytes).
    Removing stm32f4xx_hal_uart.o(.ARM.exidx.text.HAL_UART_DMAPause), (8 bytes).
    Removing stm32f4xx_hal_uart.o(.text.HAL_UART_DMAResume), (348 bytes).
    Removing stm32f4xx_hal_uart.o(.ARM.exidx.text.HAL_UART_DMAResume), (8 bytes).
    Removing stm32f4xx_hal_uart.o(.text.HAL_UART_DMAStop), (540 bytes).
    Removing stm32f4xx_hal_uart.o(.ARM.exidx.text.HAL_UART_DMAStop), (8 bytes).
    Removing stm32f4xx_hal_uart.o(.text.HAL_UARTEx_ReceiveToIdle), (478 bytes).
    Removing stm32f4xx_hal_uart.o(.ARM.exidx.text.HAL_UARTEx_ReceiveToIdle), (8 bytes).
    Removing stm32f4xx_hal_uart.o(.text.HAL_UARTEx_ReceiveToIdle_IT), (200 bytes).
    Removing stm32f4xx_hal_uart.o(.ARM.exidx.text.HAL_UARTEx_ReceiveToIdle_IT), (8 bytes).
    Removing stm32f4xx_hal_uart.o(.text.HAL_UARTEx_ReceiveToIdle_DMA), (494 bytes).
    Removing stm32f4xx_hal_uart.o(.ARM.exidx.text.HAL_UARTEx_ReceiveToIdle_DMA), (8 bytes).
    Removing stm32f4xx_hal_uart.o(.text.HAL_UARTEx_GetRxEventType), (4 bytes).
    Removing stm32f4xx_hal_uart.o(.ARM.exidx.text.HAL_UARTEx_GetRxEventType), (8 bytes).
    Removing stm32f4xx_hal_uart.o(.text.HAL_UART_Abort), (482 bytes).
    Removing stm32f4xx_hal_uart.o(.ARM.exidx.text.HAL_UART_Abort), (8 bytes).
    Removing stm32f4xx_hal_uart.o(.text.HAL_UART_AbortTransmit), (208 bytes).
    Removing stm32f4xx_hal_uart.o(.ARM.exidx.text.HAL_UART_AbortTransmit), (8 bytes).
    Removing stm32f4xx_hal_uart.o(.text.HAL_UART_AbortReceive), (366 bytes).
    Removing stm32f4xx_hal_uart.o(.ARM.exidx.text.HAL_UART_AbortReceive), (8 bytes).
    Removing stm32f4xx_hal_uart.o(.text.HAL_UART_Abort_IT), (516 bytes).
    Removing stm32f4xx_hal_uart.o(.ARM.exidx.text.HAL_UART_Abort_IT), (8 bytes).
    Removing stm32f4xx_hal_uart.o(.text.UART_DMATxAbortCallback), (42 bytes).
    Removing stm32f4xx_hal_uart.o(.ARM.exidx.text.UART_DMATxAbortCallback), (8 bytes).
    Removing stm32f4xx_hal_uart.o(.text.UART_DMARxAbortCallback), (42 bytes).
    Removing stm32f4xx_hal_uart.o(.ARM.exidx.text.UART_DMARxAbortCallback), (8 bytes).
    Removing stm32f4xx_hal_uart.o(.text.HAL_UART_AbortCpltCallback), (2 bytes).
    Removing stm32f4xx_hal_uart.o(.ARM.exidx.text.HAL_UART_AbortCpltCallback), (8 bytes).
    Removing stm32f4xx_hal_uart.o(.text.HAL_UART_AbortTransmit_IT), (214 bytes).
    Removing stm32f4xx_hal_uart.o(.ARM.exidx.text.HAL_UART_AbortTransmit_IT), (8 bytes).
    Removing stm32f4xx_hal_uart.o(.text.UART_DMATxOnlyAbortCallback), (16 bytes).
    Removing stm32f4xx_hal_uart.o(.ARM.exidx.text.UART_DMATxOnlyAbortCallback), (8 bytes).
    Removing stm32f4xx_hal_uart.o(.text.HAL_UART_AbortTransmitCpltCallback), (2 bytes).
    Removing stm32f4xx_hal_uart.o(.ARM.exidx.text.HAL_UART_AbortTransmitCpltCallback), (8 bytes).
    Removing stm32f4xx_hal_uart.o(.text.HAL_UART_AbortReceive_IT), (372 bytes).
    Removing stm32f4xx_hal_uart.o(.ARM.exidx.text.HAL_UART_AbortReceive_IT), (8 bytes).
    Removing stm32f4xx_hal_uart.o(.text.UART_DMARxOnlyAbortCallback), (18 bytes).
    Removing stm32f4xx_hal_uart.o(.ARM.exidx.text.UART_DMARxOnlyAbortCallback), (8 bytes).
    Removing stm32f4xx_hal_uart.o(.text.HAL_UART_AbortReceiveCpltCallback), (2 bytes).
    Removing stm32f4xx_hal_uart.o(.ARM.exidx.text.HAL_UART_AbortReceiveCpltCallback), (8 bytes).
    Removing stm32f4xx_hal_uart.o(.ARM.exidx.text.HAL_UART_IRQHandler), (8 bytes).
    Removing stm32f4xx_hal_uart.o(.ARM.exidx.text.UART_Receive_IT), (8 bytes).
    Removing stm32f4xx_hal_uart.o(.ARM.exidx.text.UART_DMAAbortOnError), (8 bytes).
    Removing stm32f4xx_hal_uart.o(.ARM.exidx.text.HAL_UART_ErrorCallback), (8 bytes).
    Removing stm32f4xx_hal_uart.o(.ARM.exidx.text.HAL_UARTEx_RxEventCallback), (8 bytes).
    Removing stm32f4xx_hal_uart.o(.ARM.exidx.text.HAL_UART_TxCpltCallback), (8 bytes).
    Removing stm32f4xx_hal_uart.o(.text.HAL_UART_TxHalfCpltCallback), (2 bytes).
    Removing stm32f4xx_hal_uart.o(.ARM.exidx.text.HAL_UART_TxHalfCpltCallback), (8 bytes).
    Removing stm32f4xx_hal_uart.o(.text.HAL_UART_RxCpltCallback), (2 bytes).
    Removing stm32f4xx_hal_uart.o(.ARM.exidx.text.HAL_UART_RxCpltCallback), (8 bytes).
    Removing stm32f4xx_hal_uart.o(.text.HAL_UART_RxHalfCpltCallback), (2 bytes).
    Removing stm32f4xx_hal_uart.o(.ARM.exidx.text.HAL_UART_RxHalfCpltCallback), (8 bytes).
    Removing stm32f4xx_hal_uart.o(.text.HAL_LIN_SendBreak), (114 bytes).
    Removing stm32f4xx_hal_uart.o(.ARM.exidx.text.HAL_LIN_SendBreak), (8 bytes).
    Removing stm32f4xx_hal_uart.o(.text.HAL_MultiProcessor_EnterMuteMode), (116 bytes).
    Removing stm32f4xx_hal_uart.o(.ARM.exidx.text.HAL_MultiProcessor_EnterMuteMode), (8 bytes).
    Removing stm32f4xx_hal_uart.o(.text.HAL_MultiProcessor_ExitMuteMode), (116 bytes).
    Removing stm32f4xx_hal_uart.o(.ARM.exidx.text.HAL_MultiProcessor_ExitMuteMode), (8 bytes).
    Removing stm32f4xx_hal_uart.o(.text.HAL_HalfDuplex_EnableTransmitter), (44 bytes).
    Removing stm32f4xx_hal_uart.o(.ARM.exidx.text.HAL_HalfDuplex_EnableTransmitter), (8 bytes).
    Removing stm32f4xx_hal_uart.o(.text.HAL_HalfDuplex_EnableReceiver), (46 bytes).
    Removing stm32f4xx_hal_uart.o(.ARM.exidx.text.HAL_HalfDuplex_EnableReceiver), (8 bytes).
    Removing stm32f4xx_hal_uart.o(.text.HAL_UART_GetState), (14 bytes).
    Removing stm32f4xx_hal_uart.o(.ARM.exidx.text.HAL_UART_GetState), (8 bytes).
    Removing stm32f4xx_hal_uart.o(.text.HAL_UART_GetError), (4 bytes).
    Removing stm32f4xx_hal_uart.o(.ARM.exidx.text.HAL_UART_GetError), (8 bytes).
    Removing stm32f4xx_hal_uart.o(.text.UART_DMAReceiveCplt), (350 bytes).
    Removing stm32f4xx_hal_uart.o(.ARM.exidx.text.UART_DMAReceiveCplt), (8 bytes).
    Removing stm32f4xx_hal_uart.o(.text.UART_DMARxHalfCplt), (24 bytes).
    Removing stm32f4xx_hal_uart.o(.ARM.exidx.text.UART_DMARxHalfCplt), (8 bytes).
    Removing system_stm32f4xx.o(.text), (0 bytes).
    Removing system_stm32f4xx.o(.ARM.exidx.text.SystemInit), (8 bytes).
    Removing system_stm32f4xx.o(.text.SystemCoreClockUpdate), (134 bytes).
    Removing system_stm32f4xx.o(.ARM.exidx.text.SystemCoreClockUpdate), (8 bytes).

517 unused section(s) (total 24038 bytes) removed from the image.

==============================================================================

Image Symbol Table

    Local Symbols

    Symbol Name                              Value     Ov Type        Size  Object(Section)

    ../clib/division.s                       0x00000000   Number         0  aeabi_sdiv.o ABSOLUTE
    ../clib/microlib/division.c              0x00000000   Number         0  uldiv.o ABSOLUTE
    ../clib/microlib/division.c              0x00000000   Number         0  uidiv.o ABSOLUTE
    ../clib/microlib/init/entry.s            0x00000000   Number         0  entry.o ABSOLUTE
    ../clib/microlib/init/entry.s            0x00000000   Number         0  entry2.o ABSOLUTE
    ../clib/microlib/init/entry.s            0x00000000   Number         0  entry5.o ABSOLUTE
    ../clib/microlib/init/entry.s            0x00000000   Number         0  entry7a.o ABSOLUTE
    ../clib/microlib/init/entry.s            0x00000000   Number         0  entry7b.o ABSOLUTE
    ../clib/microlib/init/entry.s            0x00000000   Number         0  entry8a.o ABSOLUTE
    ../clib/microlib/init/entry.s            0x00000000   Number         0  entry8b.o ABSOLUTE
    ../clib/microlib/init/entry.s            0x00000000   Number         0  entry9a.o ABSOLUTE
    ../clib/microlib/init/entry.s            0x00000000   Number         0  entry9b.o ABSOLUTE
    ../clib/microlib/init/entry.s            0x00000000   Number         0  entry10a.o ABSOLUTE
    ../clib/microlib/init/entry.s            0x00000000   Number         0  entry10b.o ABSOLUTE
    ../clib/microlib/init/entry.s            0x00000000   Number         0  entry11a.o ABSOLUTE
    ../clib/microlib/init/entry.s            0x00000000   Number         0  entry11b.o ABSOLUTE
    ../clib/microlib/longlong.c              0x00000000   Number         0  llshl.o ABSOLUTE
    ../clib/microlib/longlong.c              0x00000000   Number         0  llushr.o ABSOLUTE
    ../clib/microlib/longlong.c              0x00000000   Number         0  llsshr.o ABSOLUTE
    ../clib/microlib/printf/printf.c         0x00000000   Number         0  printfb.o ABSOLUTE
    ../clib/microlib/printf/printf.c         0x00000000   Number         0  printf0.o ABSOLUTE
    ../clib/microlib/printf/printf.c         0x00000000   Number         0  printf1.o ABSOLUTE
    ../clib/microlib/printf/printf.c         0x00000000   Number         0  printf2.o ABSOLUTE
    ../clib/microlib/printf/printf.c         0x00000000   Number         0  printf3.o ABSOLUTE
    ../clib/microlib/printf/printf.c         0x00000000   Number         0  printf4.o ABSOLUTE
    ../clib/microlib/printf/printf.c         0x00000000   Number         0  printf5.o ABSOLUTE
    ../clib/microlib/printf/printf.c         0x00000000   Number         0  printf6.o ABSOLUTE
    ../clib/microlib/printf/printf.c         0x00000000   Number         0  printf7.o ABSOLUTE
    ../clib/microlib/printf/printf.c         0x00000000   Number         0  printf8.o ABSOLUTE
    ../clib/microlib/printf/printf.c         0x00000000   Number         0  printfa.o ABSOLUTE
    ../clib/microlib/printf/stubs.s          0x00000000   Number         0  printfstubs.o ABSOLUTE
    ../clib/microlib/stdio/fputc.c           0x00000000   Number         0  fputc.o ABSOLUTE
    ../clib/microlib/stdio/fputc.c           0x00000000   Number         0  fputc_h.o ABSOLUTE
    ../clib/microlib/stdio/semi.s            0x00000000   Number         0  semi.o ABSOLUTE
    ../clib/microlib/stdio/streams.c         0x00000000   Number         0  stdout.o ABSOLUTE
    ../clib/microlib/string/memcpy.c         0x00000000   Number         0  memcpya.o ABSOLUTE
    ../clib/microlib/string/memcpy.c         0x00000000   Number         0  memcpyb.o ABSOLUTE
    ../clib/microlib/string/memset.c         0x00000000   Number         0  memseta.o ABSOLUTE
    ../clib/microlib/stubs.s                 0x00000000   Number         0  iusefp.o ABSOLUTE
    ../clib/microlib/stubs.s                 0x00000000   Number         0  iusesemip.o ABSOLUTE
    ../fplib/microlib/f2d.c                  0x00000000   Number         0  f2d.o ABSOLUTE
    ../fplib/microlib/fpadd.c                0x00000000   Number         0  dadd.o ABSOLUTE
    ../fplib/microlib/fpdiv.c                0x00000000   Number         0  ddiv.o ABSOLUTE
    ../fplib/microlib/fpepilogue.c           0x00000000   Number         0  depilogue.o ABSOLUTE
    ../fplib/microlib/fpfix.c                0x00000000   Number         0  dfixul.o ABSOLUTE
    ../fplib/microlib/fpmul.c                0x00000000   Number         0  dmul.o ABSOLUTE
    cdrcmple.s                               0x00000000   Number         0  cdrcmple.o ABSOLUTE
    dc.s                                     0x00000000   Number         0  dc.o ABSOLUTE
    handlers.s                               0x00000000   Number         0  handlers.o ABSOLUTE
    init.s                                   0x00000000   Number         0  init.o ABSOLUTE
    main.c                                   0x00000000   Number         0  main.o ABSOLUTE
    startup_stm32f411xe.s                    0x00000000   Number         0  startup_stm32f411xe.o ABSOLUTE
    stm32f4xx_hal.c                          0x00000000   Number         0  stm32f4xx_hal.o ABSOLUTE
    stm32f4xx_hal_adc.c                      0x00000000   Number         0  stm32f4xx_hal_adc.o ABSOLUTE
    stm32f4xx_hal_adc_ex.c                   0x00000000   Number         0  stm32f4xx_hal_adc_ex.o ABSOLUTE
    stm32f4xx_hal_cortex.c                   0x00000000   Number         0  stm32f4xx_hal_cortex.o ABSOLUTE
    stm32f4xx_hal_dma.c                      0x00000000   Number         0  stm32f4xx_hal_dma.o ABSOLUTE
    stm32f4xx_hal_dma_ex.c                   0x00000000   Number         0  stm32f4xx_hal_dma_ex.o ABSOLUTE
    stm32f4xx_hal_exti.c                     0x00000000   Number         0  stm32f4xx_hal_exti.o ABSOLUTE
    stm32f4xx_hal_flash.c                    0x00000000   Number         0  stm32f4xx_hal_flash.o ABSOLUTE
    stm32f4xx_hal_flash_ex.c                 0x00000000   Number         0  stm32f4xx_hal_flash_ex.o ABSOLUTE
    stm32f4xx_hal_flash_ramfunc.c            0x00000000   Number         0  stm32f4xx_hal_flash_ramfunc.o ABSOLUTE
    stm32f4xx_hal_gpio.c                     0x00000000   Number         0  stm32f4xx_hal_gpio.o ABSOLUTE
    stm32f4xx_hal_msp.c                      0x00000000   Number         0  stm32f4xx_hal_msp.o ABSOLUTE
    stm32f4xx_hal_pwr.c                      0x00000000   Number         0  stm32f4xx_hal_pwr.o ABSOLUTE
    stm32f4xx_hal_pwr_ex.c                   0x00000000   Number         0  stm32f4xx_hal_pwr_ex.o ABSOLUTE
    stm32f4xx_hal_rcc.c                      0x00000000   Number         0  stm32f4xx_hal_rcc.o ABSOLUTE
    stm32f4xx_hal_rcc_ex.c                   0x00000000   Number         0  stm32f4xx_hal_rcc_ex.o ABSOLUTE
    stm32f4xx_hal_uart.c                     0x00000000   Number         0  stm32f4xx_hal_uart.o ABSOLUTE
    stm32f4xx_it.c                           0x00000000   Number         0  stm32f4xx_it.o ABSOLUTE
    stm32f4xx_ll_adc.c                       0x00000000   Number         0  stm32f4xx_ll_adc.o ABSOLUTE
    system_stm32f4xx.c                       0x00000000   Number         0  system_stm32f4xx.o ABSOLUTE
    RESET                                    0x08000000   Section      408  startup_stm32f411xe.o(RESET)
    .ARM.Collect$$$$00000000                 0x08000198   Section        0  entry.o(.ARM.Collect$$$$00000000)
    .ARM.Collect$$$$00000001                 0x08000198   Section        4  entry2.o(.ARM.Collect$$$$00000001)
    .ARM.Collect$$$$00000004                 0x0800019c   Section        4  entry5.o(.ARM.Collect$$$$00000004)
    .ARM.Collect$$$$00000008                 0x080001a0   Section        0  entry7b.o(.ARM.Collect$$$$00000008)
    .ARM.Collect$$$$0000000A                 0x080001a0   Section        0  entry8b.o(.ARM.Collect$$$$0000000A)
    .ARM.Collect$$$$0000000B                 0x080001a0   Section        8  entry9a.o(.ARM.Collect$$$$0000000B)
    __lit__00000000                          0x080001a8   Data           4  entry2.o(.ARM.Collect$$$$00002712)
    .ARM.Collect$$$$0000000D                 0x080001a8   Section        0  entry10a.o(.ARM.Collect$$$$0000000D)
    .ARM.Collect$$$$0000000F                 0x080001a8   Section        0  entry11a.o(.ARM.Collect$$$$0000000F)
    .ARM.Collect$$$$00002712                 0x080001a8   Section        4  entry2.o(.ARM.Collect$$$$00002712)
    $v0                                      0x080001ac   Number         0  startup_stm32f411xe.o(.text)
    .text                                    0x080001ac   Section       36  startup_stm32f411xe.o(.text)
    .text                                    0x080001d0   Section        0  uldiv.o(.text)
    .text                                    0x08000232   Section        0  memcpya.o(.text)
    .text                                    0x08000256   Section        0  memseta.o(.text)
    .text                                    0x0800027a   Section        0  f2d.o(.text)
    .text                                    0x080002a0   Section        0  uidiv.o(.text)
    .text                                    0x080002cc   Section        0  llshl.o(.text)
    .text                                    0x080002ea   Section        0  llushr.o(.text)
    .text                                    0x0800030a   Section        0  iusefp.o(.text)
    .text                                    0x0800030a   Section        0  dadd.o(.text)
    .text                                    0x08000458   Section        0  dmul.o(.text)
    .text                                    0x0800053c   Section        0  ddiv.o(.text)
    .text                                    0x0800061a   Section        0  dfixul.o(.text)
    .text                                    0x0800064c   Section       48  cdrcmple.o(.text)
    .text                                    0x0800067c   Section       48  init.o(.text)
    .text                                    0x080006ac   Section        0  llsshr.o(.text)
    .text                                    0x080006d0   Section        0  depilogue.o(.text)
    [Anonymous Symbol]                       0x0800078c   Section        0  stm32f4xx_it.o(.text.ADC_IRQHandler)
    [Anonymous Symbol]                       0x08000798   Section        0  stm32f4xx_it.o(.text.BusFault_Handler)
    [Anonymous Symbol]                       0x0800079c   Section        0  stm32f4xx_it.o(.text.DebugMon_Handler)
    [Anonymous Symbol]                       0x080007a0   Section        0  stm32f4xx_it.o(.text.EXTI9_5_IRQHandler)
    [Anonymous Symbol]                       0x080007a8   Section        0  stm32f4xx_hal_adc_ex.o(.text.HAL_ADCEx_InjectedConfigChannel)
    [Anonymous Symbol]                       0x08000908   Section        0  stm32f4xx_hal_adc_ex.o(.text.HAL_ADCEx_InjectedConvCpltCallback)
    [Anonymous Symbol]                       0x0800090c   Section        0  stm32f4xx_hal_adc.o(.text.HAL_ADC_ConfigChannel)
    [Anonymous Symbol]                       0x08000a70   Section        0  main.o(.text.HAL_ADC_ConvCpltCallback)
    [Anonymous Symbol]                       0x08000aa4   Section        0  main.o(.text.HAL_ADC_ErrorCallback)
    [Anonymous Symbol]                       0x08000acc   Section        0  stm32f4xx_hal_adc.o(.text.HAL_ADC_GetValue)
    [Anonymous Symbol]                       0x08000ad4   Section        0  stm32f4xx_hal_adc.o(.text.HAL_ADC_IRQHandler)
    [Anonymous Symbol]                       0x08000c0c   Section        0  stm32f4xx_hal_adc.o(.text.HAL_ADC_Init)
    [Anonymous Symbol]                       0x08000d68   Section        0  stm32f4xx_hal_adc.o(.text.HAL_ADC_LevelOutOfWindowCallback)
    [Anonymous Symbol]                       0x08000d6c   Section        0  stm32f4xx_hal_msp.o(.text.HAL_ADC_MspInit)
    [Anonymous Symbol]                       0x08000de8   Section        0  stm32f4xx_hal_adc.o(.text.HAL_ADC_Start_IT)
    [Anonymous Symbol]                       0x08000f10   Section        0  stm32f4xx_hal_adc.o(.text.HAL_ADC_Stop_IT)
    [Anonymous Symbol]                       0x08000f50   Section        0  stm32f4xx_hal_dma.o(.text.HAL_DMA_Abort)
    [Anonymous Symbol]                       0x08000fe0   Section        0  stm32f4xx_hal_dma.o(.text.HAL_DMA_Abort_IT)
    [Anonymous Symbol]                       0x08001004   Section        0  stm32f4xx_hal.o(.text.HAL_Delay)
    [Anonymous Symbol]                       0x0800102c   Section        0  stm32f4xx_hal_gpio.o(.text.HAL_GPIO_DeInit)
    [Anonymous Symbol]                       0x08001200   Section        0  main.o(.text.HAL_GPIO_EXTI_Callback)
    [Anonymous Symbol]                       0x0800125c   Section        0  stm32f4xx_hal_gpio.o(.text.HAL_GPIO_EXTI_IRQHandler)
    [Anonymous Symbol]                       0x08001274   Section        0  stm32f4xx_hal_gpio.o(.text.HAL_GPIO_Init)
    [Anonymous Symbol]                       0x08001414   Section        0  stm32f4xx_hal_gpio.o(.text.HAL_GPIO_ReadPin)
    [Anonymous Symbol]                       0x08001420   Section        0  stm32f4xx_hal_gpio.o(.text.HAL_GPIO_TogglePin)
    [Anonymous Symbol]                       0x08001430   Section        0  stm32f4xx_hal_gpio.o(.text.HAL_GPIO_WritePin)
    [Anonymous Symbol]                       0x0800143c   Section        0  stm32f4xx_hal.o(.text.HAL_GetTick)
    [Anonymous Symbol]                       0x08001448   Section        0  stm32f4xx_hal.o(.text.HAL_IncTick)
    [Anonymous Symbol]                       0x08001464   Section        0  stm32f4xx_hal.o(.text.HAL_Init)
    [Anonymous Symbol]                       0x0800149c   Section        0  stm32f4xx_hal.o(.text.HAL_InitTick)
    [Anonymous Symbol]                       0x080014e4   Section        0  stm32f4xx_hal_msp.o(.text.HAL_MspInit)
    [Anonymous Symbol]                       0x08001520   Section        0  stm32f4xx_hal_cortex.o(.text.HAL_NVIC_DisableIRQ)
    [Anonymous Symbol]                       0x0800154c   Section        0  stm32f4xx_hal_cortex.o(.text.HAL_NVIC_EnableIRQ)
    [Anonymous Symbol]                       0x08001570   Section        0  stm32f4xx_hal_cortex.o(.text.HAL_NVIC_SetPriority)
    [Anonymous Symbol]                       0x080015c8   Section        0  stm32f4xx_hal_cortex.o(.text.HAL_NVIC_SetPriorityGrouping)
    [Anonymous Symbol]                       0x080015e8   Section        0  stm32f4xx_hal_rcc.o(.text.HAL_RCC_ClockConfig)
    [Anonymous Symbol]                       0x0800174c   Section        0  stm32f4xx_hal_rcc.o(.text.HAL_RCC_GetPCLK1Freq)
    [Anonymous Symbol]                       0x08001774   Section        0  stm32f4xx_hal_rcc.o(.text.HAL_RCC_GetPCLK2Freq)
    [Anonymous Symbol]                       0x0800179c   Section        0  stm32f4xx_hal_rcc.o(.text.HAL_RCC_GetSysClockFreq)
    [Anonymous Symbol]                       0x0800180c   Section        0  stm32f4xx_hal_rcc.o(.text.HAL_RCC_OscConfig)
    [Anonymous Symbol]                       0x08001bb8   Section        0  stm32f4xx_hal_cortex.o(.text.HAL_SYSTICK_Config)
    [Anonymous Symbol]                       0x08001be4   Section        0  stm32f4xx_hal_uart.o(.text.HAL_UARTEx_RxEventCallback)
    [Anonymous Symbol]                       0x08001be8   Section        0  stm32f4xx_hal_uart.o(.text.HAL_UART_DeInit)
    [Anonymous Symbol]                       0x08001c20   Section        0  stm32f4xx_hal_uart.o(.text.HAL_UART_ErrorCallback)
    [Anonymous Symbol]                       0x08001c24   Section        0  stm32f4xx_hal_uart.o(.text.HAL_UART_IRQHandler)
    [Anonymous Symbol]                       0x080021b8   Section        0  stm32f4xx_hal_uart.o(.text.HAL_UART_Init)
    [Anonymous Symbol]                       0x08002218   Section        0  stm32f4xx_hal_msp.o(.text.HAL_UART_MspDeInit)
    [Anonymous Symbol]                       0x080022c4   Section        0  stm32f4xx_hal_msp.o(.text.HAL_UART_MspInit)
    [Anonymous Symbol]                       0x080023d8   Section        0  stm32f4xx_hal_uart.o(.text.HAL_UART_Receive_IT)
    [Anonymous Symbol]                       0x0800242c   Section        0  main.o(.text.HAL_UART_RxCpltCallback)
    [Anonymous Symbol]                       0x080025e8   Section        0  stm32f4xx_hal_uart.o(.text.HAL_UART_Transmit)
    [Anonymous Symbol]                       0x0800277c   Section        0  stm32f4xx_hal_uart.o(.text.HAL_UART_TxCpltCallback)
    [Anonymous Symbol]                       0x08002780   Section        0  stm32f4xx_it.o(.text.HardFault_Handler)
    [Anonymous Symbol]                       0x08002784   Section        0  stm32f4xx_it.o(.text.MemManage_Handler)
    [Anonymous Symbol]                       0x08002788   Section        0  stm32f4xx_it.o(.text.NMI_Handler)
    [Anonymous Symbol]                       0x0800278c   Section        0  stm32f4xx_it.o(.text.PendSV_Handler)
    [Anonymous Symbol]                       0x08002790   Section        0  stm32f4xx_it.o(.text.SVC_Handler)
    [Anonymous Symbol]                       0x08002794   Section        0  stm32f4xx_it.o(.text.SysTick_Handler)
    [Anonymous Symbol]                       0x08002798   Section        0  main.o(.text.SystemClock_Config)
    [Anonymous Symbol]                       0x0800283c   Section        0  system_stm32f4xx.o(.text.SystemInit)
    UART_DMAAbortOnError                     0x08002851   Thumb Code    10  stm32f4xx_hal_uart.o(.text.UART_DMAAbortOnError)
    [Anonymous Symbol]                       0x08002850   Section        0  stm32f4xx_hal_uart.o(.text.UART_DMAAbortOnError)
    UART_Receive_IT                          0x0800285d   Thumb Code   254  stm32f4xx_hal_uart.o(.text.UART_Receive_IT)
    [Anonymous Symbol]                       0x0800285c   Section        0  stm32f4xx_hal_uart.o(.text.UART_Receive_IT)
    UART_SetConfig                           0x0800295d   Thumb Code   230  stm32f4xx_hal_uart.o(.text.UART_SetConfig)
    [Anonymous Symbol]                       0x0800295c   Section        0  stm32f4xx_hal_uart.o(.text.UART_SetConfig)
    [Anonymous Symbol]                       0x08002a44   Section        0  stm32f4xx_it.o(.text.USART1_IRQHandler)
    [Anonymous Symbol]                       0x08002a50   Section        0  stm32f4xx_it.o(.text.USART2_IRQHandler)
    [Anonymous Symbol]                       0x08002a5c   Section        0  stm32f4xx_it.o(.text.USART6_IRQHandler)
    [Anonymous Symbol]                       0x08002a68   Section        0  stm32f4xx_it.o(.text.UsageFault_Handler)
    [Anonymous Symbol]                       0x08002a6c   Section        0  main.o(.text.main)
    __arm_cp.0_13                            0x08003094   Number         4  main.o(.text.main)
    __arm_cp.0_14                            0x08003098   Number         4  main.o(.text.main)
    __arm_cp.0_15                            0x0800309c   Number         4  main.o(.text.main)
    __arm_cp.0_16                            0x080030a0   Number         4  main.o(.text.main)
    i.__0snprintf                            0x0800312c   Section        0  printfa.o(i.__0snprintf)
    i.__scatterload_copy                     0x08003160   Section       14  handlers.o(i.__scatterload_copy)
    i.__scatterload_null                     0x0800316e   Section        2  handlers.o(i.__scatterload_null)
    i.__scatterload_zeroinit                 0x08003170   Section       14  handlers.o(i.__scatterload_zeroinit)
    _fp_digits                               0x08003181   Thumb Code   366  printfa.o(i._fp_digits)
    i._fp_digits                             0x08003180   Section        0  printfa.o(i._fp_digits)
    _printf_core                             0x08003305   Thumb Code  1744  printfa.o(i._printf_core)
    i._printf_core                           0x08003304   Section        0  printfa.o(i._printf_core)
    _printf_post_padding                     0x080039e1   Thumb Code    36  printfa.o(i._printf_post_padding)
    i._printf_post_padding                   0x080039e0   Section        0  printfa.o(i._printf_post_padding)
    _printf_pre_padding                      0x08003a05   Thumb Code    46  printfa.o(i._printf_pre_padding)
    i._printf_pre_padding                    0x08003a04   Section        0  printfa.o(i._printf_pre_padding)
    _snputc                                  0x08003a33   Thumb Code    22  printfa.o(i._snputc)
    i._snputc                                0x08003a32   Section        0  printfa.o(i._snputc)
    .L.str.5                                 0x08003a60   Data          72  main.o(.rodata.str1.1)
    [Anonymous Symbol]                       0x08003a60   Section        0  main.o(.rodata.str1.1)
    .L_MergedGlobals                         0x20000000   Data          12  main.o(.data..L_MergedGlobals)
    [Anonymous Symbol]                       0x20000000   Section        0  main.o(.data..L_MergedGlobals)
    .L_MergedGlobals                         0x2000000c   Data           8  stm32f4xx_hal.o(.data..L_MergedGlobals)
    [Anonymous Symbol]                       0x2000000c   Section        0  stm32f4xx_hal.o(.data..L_MergedGlobals)
    .L_MergedGlobals.6                       0x20000018   Data          56  main.o(.bss..L_MergedGlobals.6)
    [Anonymous Symbol]                       0x20000018   Section        0  main.o(.bss..L_MergedGlobals.6)
    auto_tick.last_dbg                       0x2000004c   Data           4  main.o(.bss..L_MergedGlobals.6)
    STACK                                    0x20000278   Section     1024  startup_stm32f411xe.o(STACK)

    Global Symbols

    Symbol Name                              Value     Ov Type        Size  Object(Section)

    BuildAttributes$$THM_ISAv4$E$P$D$K$B$S$7EM$VFPi3$EXTD16$VFPS$VFMA$PE$A:L22UL41UL21$X:L11$S22US41US21$IEEE1$IW$~IW$USESV6$~STKCKD$USESV7$~SHL$OTIME$ROPI$EBA8$MICROLIB$REQ8$PRES8$EABIv2 0x00000000   Number         0  anon$$obj.o ABSOLUTE
    _printf_a                                0x00000000   Number         0  printfstubs.o ABSOLUTE
    _printf_c                                0x00000000   Number         0  printfstubs.o ABSOLUTE
    _printf_charcount                        0x00000000   Number         0  printfstubs.o ABSOLUTE
    _printf_d                                0x00000000   Number         0  printfstubs.o ABSOLUTE
    _printf_e                                0x00000000   Number         0  printfstubs.o ABSOLUTE
    _printf_f                                0x00000000   Number         0  printfstubs.o ABSOLUTE
    _printf_flags                            0x00000000   Number         0  printfstubs.o ABSOLUTE
    _printf_fp_dec                           0x00000000   Number         0  printfstubs.o ABSOLUTE
    _printf_fp_hex                           0x00000000   Number         0  printfstubs.o ABSOLUTE
    _printf_g                                0x00000000   Number         0  printfstubs.o ABSOLUTE
    _printf_i                                0x00000000   Number         0  printfstubs.o ABSOLUTE
    _printf_int_dec                          0x00000000   Number         0  printfstubs.o ABSOLUTE
    _printf_l                                0x00000000   Number         0  printfstubs.o ABSOLUTE
    _printf_lc                               0x00000000   Number         0  printfstubs.o ABSOLUTE
    _printf_ll                               0x00000000   Number         0  printfstubs.o ABSOLUTE
    _printf_lld                              0x00000000   Number         0  printfstubs.o ABSOLUTE
    _printf_lli                              0x00000000   Number         0  printfstubs.o ABSOLUTE
    _printf_llo                              0x00000000   Number         0  printfstubs.o ABSOLUTE
    _printf_llu                              0x00000000   Number         0  printfstubs.o ABSOLUTE
    _printf_llx                              0x00000000   Number         0  printfstubs.o ABSOLUTE
    _printf_longlong_dec                     0x00000000   Number         0  printfstubs.o ABSOLUTE
    _printf_longlong_hex                     0x00000000   Number         0  printfstubs.o ABSOLUTE
    _printf_longlong_oct                     0x00000000   Number         0  printfstubs.o ABSOLUTE
    _printf_ls                               0x00000000   Number         0  printfstubs.o ABSOLUTE
    _printf_mbtowc                           0x00000000   Number         0  printfstubs.o ABSOLUTE
    _printf_n                                0x00000000   Number         0  printfstubs.o ABSOLUTE
    _printf_o                                0x00000000   Number         0  printfstubs.o ABSOLUTE
    _printf_p                                0x00000000   Number         0  printfstubs.o ABSOLUTE
    _printf_percent                          0x00000000   Number         0  printfstubs.o ABSOLUTE
    _printf_pre_padding                      0x00000000   Number         0  printfstubs.o ABSOLUTE
    _printf_return_value                     0x00000000   Number         0  printfstubs.o ABSOLUTE
    _printf_s                                0x00000000   Number         0  printfstubs.o ABSOLUTE
    _printf_sizespec                         0x00000000   Number         0  printfstubs.o ABSOLUTE
    _printf_str                              0x00000000   Number         0  printfstubs.o ABSOLUTE
    _printf_truncate_signed                  0x00000000   Number         0  printfstubs.o ABSOLUTE
    _printf_truncate_unsigned                0x00000000   Number         0  printfstubs.o ABSOLUTE
    _printf_u                                0x00000000   Number         0  printfstubs.o ABSOLUTE
    _printf_wc                               0x00000000   Number         0  printfstubs.o ABSOLUTE
    _printf_wctomb                           0x00000000   Number         0  printfstubs.o ABSOLUTE
    _printf_widthprec                        0x00000000   Number         0  printfstubs.o ABSOLUTE
    _printf_x                                0x00000000   Number         0  printfstubs.o ABSOLUTE
    __cpp_initialize__aeabi_                  - Undefined Weak Reference
    __cxa_finalize                            - Undefined Weak Reference
    __decompress                              - Undefined Weak Reference
    _clock_init                               - Undefined Weak Reference
    _microlib_exit                            - Undefined Weak Reference
    __Vectors_Size                           0x00000198   Number         0  startup_stm32f411xe.o ABSOLUTE
    __Vectors                                0x08000000   Data           4  startup_stm32f411xe.o(RESET)
    __Vectors_End                            0x08000198   Data           0  startup_stm32f411xe.o(RESET)
    __main                                   0x08000199   Thumb Code     0  entry.o(.ARM.Collect$$$$00000000)
    _main_stk                                0x08000199   Thumb Code     0  entry2.o(.ARM.Collect$$$$00000001)
    _main_scatterload                        0x0800019d   Thumb Code     0  entry5.o(.ARM.Collect$$$$00000004)
    __main_after_scatterload                 0x080001a1   Thumb Code     0  entry5.o(.ARM.Collect$$$$00000004)
    _main_clock                              0x080001a1   Thumb Code     0  entry7b.o(.ARM.Collect$$$$00000008)
    _main_cpp_init                           0x080001a1   Thumb Code     0  entry8b.o(.ARM.Collect$$$$0000000A)
    _main_init                               0x080001a1   Thumb Code     0  entry9a.o(.ARM.Collect$$$$0000000B)
    __rt_final_cpp                           0x080001a9   Thumb Code     0  entry10a.o(.ARM.Collect$$$$0000000D)
    __rt_final_exit                          0x080001a9   Thumb Code     0  entry11a.o(.ARM.Collect$$$$0000000F)
    Reset_Handler                            0x080001ad   Thumb Code     8  startup_stm32f411xe.o(.text)
    DMA1_Stream0_IRQHandler                  0x080001c7   Thumb Code     0  startup_stm32f411xe.o(.text)
    DMA1_Stream1_IRQHandler                  0x080001c7   Thumb Code     0  startup_stm32f411xe.o(.text)
    DMA1_Stream2_IRQHandler                  0x080001c7   Thumb Code     0  startup_stm32f411xe.o(.text)
    DMA1_Stream3_IRQHandler                  0x080001c7   Thumb Code     0  startup_stm32f411xe.o(.text)
    DMA1_Stream4_IRQHandler                  0x080001c7   Thumb Code     0  startup_stm32f411xe.o(.text)
    DMA1_Stream5_IRQHandler                  0x080001c7   Thumb Code     0  startup_stm32f411xe.o(.text)
    DMA1_Stream6_IRQHandler                  0x080001c7   Thumb Code     0  startup_stm32f411xe.o(.text)
    DMA1_Stream7_IRQHandler                  0x080001c7   Thumb Code     0  startup_stm32f411xe.o(.text)
    DMA2_Stream0_IRQHandler                  0x080001c7   Thumb Code     0  startup_stm32f411xe.o(.text)
    DMA2_Stream1_IRQHandler                  0x080001c7   Thumb Code     0  startup_stm32f411xe.o(.text)
    DMA2_Stream2_IRQHandler                  0x080001c7   Thumb Code     0  startup_stm32f411xe.o(.text)
    DMA2_Stream3_IRQHandler                  0x080001c7   Thumb Code     0  startup_stm32f411xe.o(.text)
    DMA2_Stream4_IRQHandler                  0x080001c7   Thumb Code     0  startup_stm32f411xe.o(.text)
    DMA2_Stream5_IRQHandler                  0x080001c7   Thumb Code     0  startup_stm32f411xe.o(.text)
    DMA2_Stream6_IRQHandler                  0x080001c7   Thumb Code     0  startup_stm32f411xe.o(.text)
    DMA2_Stream7_IRQHandler                  0x080001c7   Thumb Code     0  startup_stm32f411xe.o(.text)
    EXTI0_IRQHandler                         0x080001c7   Thumb Code     0  startup_stm32f411xe.o(.text)
    EXTI15_10_IRQHandler                     0x080001c7   Thumb Code     0  startup_stm32f411xe.o(.text)
    EXTI1_IRQHandler                         0x080001c7   Thumb Code     0  startup_stm32f411xe.o(.text)
    EXTI2_IRQHandler                         0x080001c7   Thumb Code     0  startup_stm32f411xe.o(.text)
    EXTI3_IRQHandler                         0x080001c7   Thumb Code     0  startup_stm32f411xe.o(.text)
    EXTI4_IRQHandler                         0x080001c7   Thumb Code     0  startup_stm32f411xe.o(.text)
    FLASH_IRQHandler                         0x080001c7   Thumb Code     0  startup_stm32f411xe.o(.text)
    FPU_IRQHandler                           0x080001c7   Thumb Code     0  startup_stm32f411xe.o(.text)
    I2C1_ER_IRQHandler                       0x080001c7   Thumb Code     0  startup_stm32f411xe.o(.text)
    I2C1_EV_IRQHandler                       0x080001c7   Thumb Code     0  startup_stm32f411xe.o(.text)
    I2C2_ER_IRQHandler                       0x080001c7   Thumb Code     0  startup_stm32f411xe.o(.text)
    I2C2_EV_IRQHandler                       0x080001c7   Thumb Code     0  startup_stm32f411xe.o(.text)
    I2C3_ER_IRQHandler                       0x080001c7   Thumb Code     0  startup_stm32f411xe.o(.text)
    I2C3_EV_IRQHandler                       0x080001c7   Thumb Code     0  startup_stm32f411xe.o(.text)
    OTG_FS_IRQHandler                        0x080001c7   Thumb Code     0  startup_stm32f411xe.o(.text)
    OTG_FS_WKUP_IRQHandler                   0x080001c7   Thumb Code     0  startup_stm32f411xe.o(.text)
    PVD_IRQHandler                           0x080001c7   Thumb Code     0  startup_stm32f411xe.o(.text)
    RCC_IRQHandler                           0x080001c7   Thumb Code     0  startup_stm32f411xe.o(.text)
    RTC_Alarm_IRQHandler                     0x080001c7   Thumb Code     0  startup_stm32f411xe.o(.text)
    RTC_WKUP_IRQHandler                      0x080001c7   Thumb Code     0  startup_stm32f411xe.o(.text)
    SDIO_IRQHandler                          0x080001c7   Thumb Code     0  startup_stm32f411xe.o(.text)
    SPI1_IRQHandler                          0x080001c7   Thumb Code     0  startup_stm32f411xe.o(.text)
    SPI2_IRQHandler                          0x080001c7   Thumb Code     0  startup_stm32f411xe.o(.text)
    SPI3_IRQHandler                          0x080001c7   Thumb Code     0  startup_stm32f411xe.o(.text)
    SPI4_IRQHandler                          0x080001c7   Thumb Code     0  startup_stm32f411xe.o(.text)
    SPI5_IRQHandler                          0x080001c7   Thumb Code     0  startup_stm32f411xe.o(.text)
    TAMP_STAMP_IRQHandler                    0x080001c7   Thumb Code     0  startup_stm32f411xe.o(.text)
    TIM1_BRK_TIM9_IRQHandler                 0x080001c7   Thumb Code     0  startup_stm32f411xe.o(.text)
    TIM1_CC_IRQHandler                       0x080001c7   Thumb Code     0  startup_stm32f411xe.o(.text)
    TIM1_TRG_COM_TIM11_IRQHandler            0x080001c7   Thumb Code     0  startup_stm32f411xe.o(.text)
    TIM1_UP_TIM10_IRQHandler                 0x080001c7   Thumb Code     0  startup_stm32f411xe.o(.text)
    TIM2_IRQHandler                          0x080001c7   Thumb Code     0  startup_stm32f411xe.o(.text)
    TIM3_IRQHandler                          0x080001c7   Thumb Code     0  startup_stm32f411xe.o(.text)
    TIM4_IRQHandler                          0x080001c7   Thumb Code     0  startup_stm32f411xe.o(.text)
    TIM5_IRQHandler                          0x080001c7   Thumb Code     0  startup_stm32f411xe.o(.text)
    WWDG_IRQHandler                          0x080001c7   Thumb Code     0  startup_stm32f411xe.o(.text)
    __aeabi_uldivmod                         0x080001d1   Thumb Code    98  uldiv.o(.text)
    __aeabi_memcpy                           0x08000233   Thumb Code    36  memcpya.o(.text)
    __aeabi_memcpy4                          0x08000233   Thumb Code     0  memcpya.o(.text)
    __aeabi_memcpy8                          0x08000233   Thumb Code     0  memcpya.o(.text)
    __aeabi_memset                           0x08000257   Thumb Code    14  memseta.o(.text)
    __aeabi_memset4                          0x08000257   Thumb Code     0  memseta.o(.text)
    __aeabi_memset8                          0x08000257   Thumb Code     0  memseta.o(.text)
    __aeabi_memclr                           0x08000265   Thumb Code     4  memseta.o(.text)
    __aeabi_memclr4                          0x08000265   Thumb Code     0  memseta.o(.text)
    __aeabi_memclr8                          0x08000265   Thumb Code     0  memseta.o(.text)
    _memset$wrapper                          0x08000269   Thumb Code    18  memseta.o(.text)
    __aeabi_f2d                              0x0800027b   Thumb Code    38  f2d.o(.text)
    __aeabi_uidiv                            0x080002a1   Thumb Code     0  uidiv.o(.text)
    __aeabi_uidivmod                         0x080002a1   Thumb Code    44  uidiv.o(.text)
    __aeabi_llsl                             0x080002cd   Thumb Code    30  llshl.o(.text)
    _ll_shift_l                              0x080002cd   Thumb Code     0  llshl.o(.text)
    __aeabi_llsr                             0x080002eb   Thumb Code    32  llushr.o(.text)
    _ll_ushift_r                             0x080002eb   Thumb Code     0  llushr.o(.text)
    __I$use$fp                               0x0800030b   Thumb Code     0  iusefp.o(.text)
    __aeabi_dadd                             0x0800030b   Thumb Code   322  dadd.o(.text)
    __aeabi_dsub                             0x0800044d   Thumb Code     6  dadd.o(.text)
    __aeabi_drsub                            0x08000453   Thumb Code     6  dadd.o(.text)
    __aeabi_dmul                             0x08000459   Thumb Code   228  dmul.o(.text)
    __aeabi_ddiv                             0x0800053d   Thumb Code   222  ddiv.o(.text)
    __aeabi_d2ulz                            0x0800061b   Thumb Code    48  dfixul.o(.text)
    __aeabi_cdrcmple                         0x0800064d   Thumb Code    48  cdrcmple.o(.text)
    __scatterload                            0x0800067d   Thumb Code    38  init.o(.text)
    __scatterload_rt2                        0x0800067d   Thumb Code     0  init.o(.text)
    __aeabi_lasr                             0x080006ad   Thumb Code    36  llsshr.o(.text)
    _ll_sshift_r                             0x080006ad   Thumb Code     0  llsshr.o(.text)
    _double_round                            0x080006d1   Thumb Code    30  depilogue.o(.text)
    _double_epilogue                         0x080006ef   Thumb Code   156  depilogue.o(.text)
    ADC_IRQHandler                           0x0800078d   Thumb Code    12  stm32f4xx_it.o(.text.ADC_IRQHandler)
    BusFault_Handler                         0x08000799   Thumb Code     2  stm32f4xx_it.o(.text.BusFault_Handler)
    DebugMon_Handler                         0x0800079d   Thumb Code     2  stm32f4xx_it.o(.text.DebugMon_Handler)
    EXTI9_5_IRQHandler                       0x080007a1   Thumb Code     6  stm32f4xx_it.o(.text.EXTI9_5_IRQHandler)
    HAL_ADCEx_InjectedConfigChannel          0x080007a9   Thumb Code   352  stm32f4xx_hal_adc_ex.o(.text.HAL_ADCEx_InjectedConfigChannel)
    HAL_ADCEx_InjectedConvCpltCallback       0x08000909   Thumb Code     2  stm32f4xx_hal_adc_ex.o(.text.HAL_ADCEx_InjectedConvCpltCallback)
    HAL_ADC_ConfigChannel                    0x0800090d   Thumb Code   354  stm32f4xx_hal_adc.o(.text.HAL_ADC_ConfigChannel)
    HAL_ADC_ConvCpltCallback                 0x08000a71   Thumb Code    50  main.o(.text.HAL_ADC_ConvCpltCallback)
    HAL_ADC_ErrorCallback                    0x08000aa5   Thumb Code    40  main.o(.text.HAL_ADC_ErrorCallback)
    HAL_ADC_GetValue                         0x08000acd   Thumb Code     6  stm32f4xx_hal_adc.o(.text.HAL_ADC_GetValue)
    HAL_ADC_IRQHandler                       0x08000ad5   Thumb Code   310  stm32f4xx_hal_adc.o(.text.HAL_ADC_IRQHandler)
    HAL_ADC_Init                             0x08000c0d   Thumb Code   348  stm32f4xx_hal_adc.o(.text.HAL_ADC_Init)
    HAL_ADC_LevelOutOfWindowCallback         0x08000d69   Thumb Code     2  stm32f4xx_hal_adc.o(.text.HAL_ADC_LevelOutOfWindowCallback)
    HAL_ADC_MspInit                          0x08000d6d   Thumb Code   124  stm32f4xx_hal_msp.o(.text.HAL_ADC_MspInit)
    HAL_ADC_Start_IT                         0x08000de9   Thumb Code   294  stm32f4xx_hal_adc.o(.text.HAL_ADC_Start_IT)
    HAL_ADC_Stop_IT                          0x08000f11   Thumb Code    64  stm32f4xx_hal_adc.o(.text.HAL_ADC_Stop_IT)
    HAL_DMA_Abort                            0x08000f51   Thumb Code   142  stm32f4xx_hal_dma.o(.text.HAL_DMA_Abort)
    HAL_DMA_Abort_IT                         0x08000fe1   Thumb Code    36  stm32f4xx_hal_dma.o(.text.HAL_DMA_Abort_IT)
    HAL_Delay                                0x08001005   Thumb Code    40  stm32f4xx_hal.o(.text.HAL_Delay)
    HAL_GPIO_DeInit                          0x0800102d   Thumb Code   466  stm32f4xx_hal_gpio.o(.text.HAL_GPIO_DeInit)
    HAL_GPIO_EXTI_Callback                   0x08001201   Thumb Code    90  main.o(.text.HAL_GPIO_EXTI_Callback)
    HAL_GPIO_EXTI_IRQHandler                 0x0800125d   Thumb Code    22  stm32f4xx_hal_gpio.o(.text.HAL_GPIO_EXTI_IRQHandler)
    HAL_GPIO_Init                            0x08001275   Thumb Code   414  stm32f4xx_hal_gpio.o(.text.HAL_GPIO_Init)
    HAL_GPIO_ReadPin                         0x08001415   Thumb Code    10  stm32f4xx_hal_gpio.o(.text.HAL_GPIO_ReadPin)
    HAL_GPIO_TogglePin                       0x08001421   Thumb Code    16  stm32f4xx_hal_gpio.o(.text.HAL_GPIO_TogglePin)
    HAL_GPIO_WritePin                        0x08001431   Thumb Code    10  stm32f4xx_hal_gpio.o(.text.HAL_GPIO_WritePin)
    HAL_GetTick                              0x0800143d   Thumb Code    12  stm32f4xx_hal.o(.text.HAL_GetTick)
    HAL_IncTick                              0x08001449   Thumb Code    26  stm32f4xx_hal.o(.text.HAL_IncTick)
    HAL_Init                                 0x08001465   Thumb Code    54  stm32f4xx_hal.o(.text.HAL_Init)
    HAL_InitTick                             0x0800149d   Thumb Code    72  stm32f4xx_hal.o(.text.HAL_InitTick)
    HAL_MspInit                              0x080014e5   Thumb Code    60  stm32f4xx_hal_msp.o(.text.HAL_MspInit)
    HAL_NVIC_DisableIRQ                      0x08001521   Thumb Code    42  stm32f4xx_hal_cortex.o(.text.HAL_NVIC_DisableIRQ)
    HAL_NVIC_EnableIRQ                       0x0800154d   Thumb Code    34  stm32f4xx_hal_cortex.o(.text.HAL_NVIC_EnableIRQ)
    HAL_NVIC_SetPriority                     0x08001571   Thumb Code    86  stm32f4xx_hal_cortex.o(.text.HAL_NVIC_SetPriority)
    HAL_NVIC_SetPriorityGrouping             0x080015c9   Thumb Code    32  stm32f4xx_hal_cortex.o(.text.HAL_NVIC_SetPriorityGrouping)
    HAL_RCC_ClockConfig                      0x080015e9   Thumb Code   356  stm32f4xx_hal_rcc.o(.text.HAL_RCC_ClockConfig)
    HAL_RCC_GetPCLK1Freq                     0x0800174d   Thumb Code    38  stm32f4xx_hal_rcc.o(.text.HAL_RCC_GetPCLK1Freq)
    HAL_RCC_GetPCLK2Freq                     0x08001775   Thumb Code    38  stm32f4xx_hal_rcc.o(.text.HAL_RCC_GetPCLK2Freq)
    HAL_RCC_GetSysClockFreq                  0x0800179d   Thumb Code   112  stm32f4xx_hal_rcc.o(.text.HAL_RCC_GetSysClockFreq)
    HAL_RCC_OscConfig                        0x0800180d   Thumb Code   940  stm32f4xx_hal_rcc.o(.text.HAL_RCC_OscConfig)
    HAL_SYSTICK_Config                       0x08001bb9   Thumb Code    44  stm32f4xx_hal_cortex.o(.text.HAL_SYSTICK_Config)
    HAL_UARTEx_RxEventCallback               0x08001be5   Thumb Code     2  stm32f4xx_hal_uart.o(.text.HAL_UARTEx_RxEventCallback)
    HAL_UART_DeInit                          0x08001be9   Thumb Code    54  stm32f4xx_hal_uart.o(.text.HAL_UART_DeInit)
    HAL_UART_ErrorCallback                   0x08001c21   Thumb Code     2  stm32f4xx_hal_uart.o(.text.HAL_UART_ErrorCallback)
    HAL_UART_IRQHandler                      0x08001c25   Thumb Code  1428  stm32f4xx_hal_uart.o(.text.HAL_UART_IRQHandler)
    HAL_UART_Init                            0x080021b9   Thumb Code    96  stm32f4xx_hal_uart.o(.text.HAL_UART_Init)
    HAL_UART_MspDeInit                       0x08002219   Thumb Code   170  stm32f4xx_hal_msp.o(.text.HAL_UART_MspDeInit)
    HAL_UART_MspInit                         0x080022c5   Thumb Code   274  stm32f4xx_hal_msp.o(.text.HAL_UART_MspInit)
    HAL_UART_Receive_IT                      0x080023d9   Thumb Code    84  stm32f4xx_hal_uart.o(.text.HAL_UART_Receive_IT)
    HAL_UART_RxCpltCallback                  0x0800242d   Thumb Code   444  main.o(.text.HAL_UART_RxCpltCallback)
    HAL_UART_Transmit                        0x080025e9   Thumb Code   402  stm32f4xx_hal_uart.o(.text.HAL_UART_Transmit)
    HAL_UART_TxCpltCallback                  0x0800277d   Thumb Code     2  stm32f4xx_hal_uart.o(.text.HAL_UART_TxCpltCallback)
    HardFault_Handler                        0x08002781   Thumb Code     2  stm32f4xx_it.o(.text.HardFault_Handler)
    MemManage_Handler                        0x08002785   Thumb Code     2  stm32f4xx_it.o(.text.MemManage_Handler)
    NMI_Handler                              0x08002789   Thumb Code     2  stm32f4xx_it.o(.text.NMI_Handler)
    PendSV_Handler                           0x0800278d   Thumb Code     2  stm32f4xx_it.o(.text.PendSV_Handler)
    SVC_Handler                              0x08002791   Thumb Code     2  stm32f4xx_it.o(.text.SVC_Handler)
    SysTick_Handler                          0x08002795   Thumb Code     4  stm32f4xx_it.o(.text.SysTick_Handler)
    SystemClock_Config                       0x08002799   Thumb Code   164  main.o(.text.SystemClock_Config)
    SystemInit                               0x0800283d   Thumb Code    18  system_stm32f4xx.o(.text.SystemInit)
    USART1_IRQHandler                        0x08002a45   Thumb Code    12  stm32f4xx_it.o(.text.USART1_IRQHandler)
    USART2_IRQHandler                        0x08002a51   Thumb Code    12  stm32f4xx_it.o(.text.USART2_IRQHandler)
    USART6_IRQHandler                        0x08002a5d   Thumb Code    12  stm32f4xx_it.o(.text.USART6_IRQHandler)
    UsageFault_Handler                       0x08002a69   Thumb Code     2  stm32f4xx_it.o(.text.UsageFault_Handler)
    main                                     0x08002a6d   Thumb Code  1576  main.o(.text.main)
    __0snprintf                              0x0800312d   Thumb Code    48  printfa.o(i.__0snprintf)
    __1snprintf                              0x0800312d   Thumb Code     0  printfa.o(i.__0snprintf)
    __2snprintf                              0x0800312d   Thumb Code     0  printfa.o(i.__0snprintf)
    __c89snprintf                            0x0800312d   Thumb Code     0  printfa.o(i.__0snprintf)
    snprintf                                 0x0800312d   Thumb Code     0  printfa.o(i.__0snprintf)
    __scatterload_copy                       0x08003161   Thumb Code    14  handlers.o(i.__scatterload_copy)
    __scatterload_null                       0x0800316f   Thumb Code     2  handlers.o(i.__scatterload_null)
    __scatterload_zeroinit                   0x08003171   Thumb Code    14  handlers.o(i.__scatterload_zeroinit)
    AHBPrescTable                            0x08003a48   Data          16  system_stm32f4xx.o(.rodata.AHBPrescTable)
    APBPrescTable                            0x08003a58   Data           8  system_stm32f4xx.o(.rodata.APBPrescTable)
    Region$$Table$$Base                      0x08003aa8   Number         0  anon$$obj.o(Region$$Table)
    Region$$Table$$Limit                     0x08003ac8   Number         0  anon$$obj.o(Region$$Table)
    auto_enabled                             0x20000000   Data           1  main.o(.data..L_MergedGlobals)
    cds_v_base                               0x20000004   Data           4  main.o(.data..L_MergedGlobals)
    dark_thr_v                               0x20000008   Data           4  main.o(.data..L_MergedGlobals)
    uwTickFreq                               0x2000000c   Data           1  stm32f4xx_hal.o(.data..L_MergedGlobals)
    uwTickPrio                               0x20000010   Data           4  stm32f4xx_hal.o(.data..L_MergedGlobals)
    SystemCoreClock                          0x20000014   Data           4  system_stm32f4xx.o(.data.SystemCoreClock)
    pir_state                                0x20000018   Data           1  main.o(.bss..L_MergedGlobals.6)
    led_on                                   0x20000019   Data           1  main.o(.bss..L_MergedGlobals.6)
    is_dark                                  0x2000001a   Data           1  main.o(.bss..L_MergedGlobals.6)
    ble_rx                                   0x2000001b   Data           1  main.o(.bss..L_MergedGlobals.6)
    ble6_rx                                  0x2000001c   Data           1  main.o(.bss..L_MergedGlobals.6)
    uno_rx                                   0x2000001d   Data           1  main.o(.bss..L_MergedGlobals.6)
    ble_w                                    0x2000001e   Data           2  main.o(.bss..L_MergedGlobals.6)
    cds_raw_last                             0x20000020   Data           2  main.o(.bss..L_MergedGlobals.6)
    pir_last_ms                              0x20000024   Data           4  main.o(.bss..L_MergedGlobals.6)
    boot_ms                                  0x20000028   Data           4  main.o(.bss..L_MergedGlobals.6)
    last_stat_ms                             0x2000002c   Data           4  main.o(.bss..L_MergedGlobals.6)
    ble_last_rx_ms                           0x20000030   Data           4  main.o(.bss..L_MergedGlobals.6)
    adc_hits                                 0x20000034   Data           4  main.o(.bss..L_MergedGlobals.6)
    last_motion_ms                           0x20000038   Data           4  main.o(.bss..L_MergedGlobals.6)
    last_cmd_ms                              0x2000003c   Data           4  main.o(.bss..L_MergedGlobals.6)
    cds_v_ema                                0x20000040   Data           4  main.o(.bss..L_MergedGlobals.6)
    dark_since_ms                            0x20000044   Data           4  main.o(.bss..L_MergedGlobals.6)
    bright_since_ms                          0x20000048   Data           4  main.o(.bss..L_MergedGlobals.6)
    ble_line                                 0x20000050   Data         256  main.o(.bss.ble_line)
    hadc1                                    0x20000150   Data          72  main.o(.bss.hadc1)
    huart1                                   0x20000198   Data          72  main.o(.bss.huart1)
    huart2                                   0x200001e0   Data          72  main.o(.bss.huart2)
    huart6                                   0x20000228   Data          72  main.o(.bss.huart6)
    uwTick                                   0x20000270   Data           4  stm32f4xx_hal.o(.bss.uwTick)
    __initial_sp                             0x20000678   Data           0  startup_stm32f411xe.o(STACK)



==============================================================================

Memory Map of the image

  Image Entry point : 0x08000199

  Load Region LR_IROM1 (Base: 0x08000000, Size: 0x00003ae0, Max: 0x00080000, ABSOLUTE)

    Execution Region ER_IROM1 (Exec base: 0x08000000, Load base: 0x08000000, Size: 0x00003ac8, Max: 0x00080000, ABSOLUTE)

    Exec Addr    Load Addr    Size         Type   Attr      Idx    E Section Name        Object

    0x08000000   0x08000000   0x00000198   Data   RO            3    RESET               startup_stm32f411xe.o
    0x08000198   0x08000198   0x00000000   Code   RO          745  * .ARM.Collect$$$$00000000  mc_w.l(entry.o)
    0x08000198   0x08000198   0x00000004   Code   RO         1019    .ARM.Collect$$$$00000001  mc_w.l(entry2.o)
    0x0800019c   0x0800019c   0x00000004   Code   RO         1022    .ARM.Collect$$$$00000004  mc_w.l(entry5.o)
    0x080001a0   0x080001a0   0x00000000   Code   RO         1024    .ARM.Collect$$$$00000008  mc_w.l(entry7b.o)
    0x080001a0   0x080001a0   0x00000000   Code   RO         1026    .ARM.Collect$$$$0000000A  mc_w.l(entry8b.o)
    0x080001a0   0x080001a0   0x00000008   Code   RO         1027    .ARM.Collect$$$$0000000B  mc_w.l(entry9a.o)
    0x080001a8   0x080001a8   0x00000000   Code   RO         1029    .ARM.Collect$$$$0000000D  mc_w.l(entry10a.o)
    0x080001a8   0x080001a8   0x00000000   Code   RO         1031    .ARM.Collect$$$$0000000F  mc_w.l(entry11a.o)
    0x080001a8   0x080001a8   0x00000004   Code   RO         1020    .ARM.Collect$$$$00002712  mc_w.l(entry2.o)
    0x080001ac   0x080001ac   0x00000024   Code   RO            4    .text               startup_stm32f411xe.o
    0x080001d0   0x080001d0   0x00000062   Code   RO          748    .text               mc_w.l(uldiv.o)
    0x08000232   0x08000232   0x00000024   Code   RO          750    .text               mc_w.l(memcpya.o)
    0x08000256   0x08000256   0x00000024   Code   RO          752    .text               mc_w.l(memseta.o)
    0x0800027a   0x0800027a   0x00000026   Code   RO         1017    .text               mf_w.l(f2d.o)
    0x080002a0   0x080002a0   0x0000002c   Code   RO         1047    .text               mc_w.l(uidiv.o)
    0x080002cc   0x080002cc   0x0000001e   Code   RO         1049    .text               mc_w.l(llshl.o)
    0x080002ea   0x080002ea   0x00000020   Code   RO         1051    .text               mc_w.l(llushr.o)
    0x0800030a   0x0800030a   0x00000000   Code   RO         1053    .text               mc_w.l(iusefp.o)
    0x0800030a   0x0800030a   0x0000014e   Code   RO         1054    .text               mf_w.l(dadd.o)
    0x08000458   0x08000458   0x000000e4   Code   RO         1056    .text               mf_w.l(dmul.o)
    0x0800053c   0x0800053c   0x000000de   Code   RO         1058    .text               mf_w.l(ddiv.o)
    0x0800061a   0x0800061a   0x00000030   Code   RO         1060    .text               mf_w.l(dfixul.o)
    0x0800064a   0x0800064a   0x00000002   PAD
    0x0800064c   0x0800064c   0x00000030   Code   RO         1062    .text               mf_w.l(cdrcmple.o)
    0x0800067c   0x0800067c   0x00000030   Code   RO         1064    .text               mc_w.l(init.o)
    0x080006ac   0x080006ac   0x00000024   Code   RO         1067    .text               mc_w.l(llsshr.o)
    0x080006d0   0x080006d0   0x000000ba   Code   RO         1070    .text               mf_w.l(depilogue.o)
    0x0800078a   0x0800078a   0x00000002   PAD
    0x0800078c   0x0800078c   0x0000000c   Code   RO           60    .text.ADC_IRQHandler  stm32f4xx_it.o
    0x08000798   0x08000798   0x00000002   Code   RO           48    .text.BusFault_Handler  stm32f4xx_it.o
    0x0800079a   0x0800079a   0x00000002   PAD
    0x0800079c   0x0800079c   0x00000002   Code   RO           54    .text.DebugMon_Handler  stm32f4xx_it.o
    0x0800079e   0x0800079e   0x00000002   PAD
    0x080007a0   0x080007a0   0x00000006   Code   RO           62    .text.EXTI9_5_IRQHandler  stm32f4xx_it.o
    0x080007a6   0x080007a6   0x00000002   PAD
    0x080007a8   0x080007a8   0x00000160   Code   RO          179    .text.HAL_ADCEx_InjectedConfigChannel  stm32f4xx_hal_adc_ex.o
    0x08000908   0x08000908   0x00000002   Code   RO          177    .text.HAL_ADCEx_InjectedConvCpltCallback  stm32f4xx_hal_adc_ex.o
    0x0800090a   0x0800090a   0x00000002   PAD
    0x0800090c   0x0800090c   0x00000162   Code   RO          137    .text.HAL_ADC_ConfigChannel  stm32f4xx_hal_adc.o
    0x08000a6e   0x08000a6e   0x00000002   PAD
    0x08000a70   0x08000a70   0x00000032   Code   RO           19    .text.HAL_ADC_ConvCpltCallback  main.o
    0x08000aa2   0x08000aa2   0x00000002   PAD
    0x08000aa4   0x08000aa4   0x00000028   Code   RO           23    .text.HAL_ADC_ErrorCallback  main.o
    0x08000acc   0x08000acc   0x00000006   Code   RO          133    .text.HAL_ADC_GetValue  stm32f4xx_hal_adc.o
    0x08000ad2   0x08000ad2   0x00000002   PAD
    0x08000ad4   0x08000ad4   0x00000136   Code   RO          115    .text.HAL_ADC_IRQHandler  stm32f4xx_hal_adc.o
    0x08000c0a   0x08000c0a   0x00000002   PAD
    0x08000c0c   0x08000c0c   0x0000015c   Code   RO           95    .text.HAL_ADC_Init  stm32f4xx_hal_adc.o
    0x08000d68   0x08000d68   0x00000002   Code   RO          119    .text.HAL_ADC_LevelOutOfWindowCallback  stm32f4xx_hal_adc.o
    0x08000d6a   0x08000d6a   0x00000002   PAD
    0x08000d6c   0x08000d6c   0x0000007c   Code   RO           79    .text.HAL_ADC_MspInit  stm32f4xx_hal_msp.o
    0x08000de8   0x08000de8   0x00000126   Code   RO          111    .text.HAL_ADC_Start_IT  stm32f4xx_hal_adc.o
    0x08000f0e   0x08000f0e   0x00000002   PAD
    0x08000f10   0x08000f10   0x00000040   Code   RO          113    .text.HAL_ADC_Stop_IT  stm32f4xx_hal_adc.o
    0x08000f50   0x08000f50   0x0000008e   Code   RO          372    .text.HAL_DMA_Abort  stm32f4xx_hal_dma.o
    0x08000fde   0x08000fde   0x00000002   PAD
    0x08000fe0   0x08000fe0   0x00000024   Code   RO          374    .text.HAL_DMA_Abort_IT  stm32f4xx_hal_dma.o
    0x08001004   0x08001004   0x00000028   Code   RO          539    .text.HAL_Delay     stm32f4xx_hal.o
    0x0800102c   0x0800102c   0x000001d2   Code   RO          328    .text.HAL_GPIO_DeInit  stm32f4xx_hal_gpio.o
    0x080011fe   0x080011fe   0x00000002   PAD
    0x08001200   0x08001200   0x0000005a   Code   RO           21    .text.HAL_GPIO_EXTI_Callback  main.o
    0x0800125a   0x0800125a   0x00000002   PAD
    0x0800125c   0x0800125c   0x00000016   Code   RO          338    .text.HAL_GPIO_EXTI_IRQHandler  stm32f4xx_hal_gpio.o
    0x08001272   0x08001272   0x00000002   PAD
    0x08001274   0x08001274   0x0000019e   Code   RO          326    .text.HAL_GPIO_Init  stm32f4xx_hal_gpio.o
    0x08001412   0x08001412   0x00000002   PAD
    0x08001414   0x08001414   0x0000000a   Code   RO          330    .text.HAL_GPIO_ReadPin  stm32f4xx_hal_gpio.o
    0x0800141e   0x0800141e   0x00000002   PAD
    0x08001420   0x08001420   0x00000010   Code   RO          334    .text.HAL_GPIO_TogglePin  stm32f4xx_hal_gpio.o
    0x08001430   0x08001430   0x0000000a   Code   RO          332    .text.HAL_GPIO_WritePin  stm32f4xx_hal_gpio.o
    0x0800143a   0x0800143a   0x00000002   PAD
    0x0800143c   0x0800143c   0x0000000c   Code   RO          531    .text.HAL_GetTick   stm32f4xx_hal.o
    0x08001448   0x08001448   0x0000001a   Code   RO          529    .text.HAL_IncTick   stm32f4xx_hal.o
    0x08001462   0x08001462   0x00000002   PAD
    0x08001464   0x08001464   0x00000036   Code   RO          519    .text.HAL_Init      stm32f4xx_hal.o
    0x0800149a   0x0800149a   0x00000002   PAD
    0x0800149c   0x0800149c   0x00000048   Code   RO          521    .text.HAL_InitTick  stm32f4xx_hal.o
    0x080014e4   0x080014e4   0x0000003c   Code   RO           77    .text.HAL_MspInit   stm32f4xx_hal_msp.o
    0x08001520   0x08001520   0x0000002a   Code   RO          473    .text.HAL_NVIC_DisableIRQ  stm32f4xx_hal_cortex.o
    0x0800154a   0x0800154a   0x00000002   PAD
    0x0800154c   0x0800154c   0x00000022   Code   RO          471    .text.HAL_NVIC_EnableIRQ  stm32f4xx_hal_cortex.o
    0x0800156e   0x0800156e   0x00000002   PAD
    0x08001570   0x08001570   0x00000056   Code   RO          469    .text.HAL_NVIC_SetPriority  stm32f4xx_hal_cortex.o
    0x080015c6   0x080015c6   0x00000002   PAD
    0x080015c8   0x080015c8   0x00000020   Code   RO          467    .text.HAL_NVIC_SetPriorityGrouping  stm32f4xx_hal_cortex.o
    0x080015e8   0x080015e8   0x00000164   Code   RO          196    .text.HAL_RCC_ClockConfig  stm32f4xx_hal_rcc.o
    0x0800174c   0x0800174c   0x00000026   Code   RO          208    .text.HAL_RCC_GetPCLK1Freq  stm32f4xx_hal_rcc.o
    0x08001772   0x08001772   0x00000002   PAD
    0x08001774   0x08001774   0x00000026   Code   RO          210    .text.HAL_RCC_GetPCLK2Freq  stm32f4xx_hal_rcc.o
    0x0800179a   0x0800179a   0x00000002   PAD
    0x0800179c   0x0800179c   0x00000070   Code   RO          198    .text.HAL_RCC_GetSysClockFreq  stm32f4xx_hal_rcc.o
    0x0800180c   0x0800180c   0x000003ac   Code   RO          194    .text.HAL_RCC_OscConfig  stm32f4xx_hal_rcc.o
    0x08001bb8   0x08001bb8   0x0000002c   Code   RO          479    .text.HAL_SYSTICK_Config  stm32f4xx_hal_cortex.o
    0x08001be4   0x08001be4   0x00000002   Code   RO          695    .text.HAL_UARTEx_RxEventCallback  stm32f4xx_hal_uart.o
    0x08001be6   0x08001be6   0x00000002   PAD
    0x08001be8   0x08001be8   0x00000036   Code   RO          621    .text.HAL_UART_DeInit  stm32f4xx_hal_uart.o
    0x08001c1e   0x08001c1e   0x00000002   PAD
    0x08001c20   0x08001c20   0x00000002   Code   RO          693    .text.HAL_UART_ErrorCallback  stm32f4xx_hal_uart.o
    0x08001c22   0x08001c22   0x00000002   PAD
    0x08001c24   0x08001c24   0x00000594   Code   RO          687    .text.HAL_UART_IRQHandler  stm32f4xx_hal_uart.o
    0x080021b8   0x080021b8   0x00000060   Code   RO          609    .text.HAL_UART_Init  stm32f4xx_hal_uart.o
    0x08002218   0x08002218   0x000000aa   Code   RO           85    .text.HAL_UART_MspDeInit  stm32f4xx_hal_msp.o
    0x080022c2   0x080022c2   0x00000002   PAD
    0x080022c4   0x080022c4   0x00000112   Code   RO           83    .text.HAL_UART_MspInit  stm32f4xx_hal_msp.o
    0x080023d6   0x080023d6   0x00000002   PAD
    0x080023d8   0x080023d8   0x00000054   Code   RO          631    .text.HAL_UART_Receive_IT  stm32f4xx_hal_uart.o
    0x0800242c   0x0800242c   0x000001bc   Code   RO           17    .text.HAL_UART_RxCpltCallback  main.o
    0x080025e8   0x080025e8   0x00000192   Code   RO          625    .text.HAL_UART_Transmit  stm32f4xx_hal_uart.o
    0x0800277a   0x0800277a   0x00000002   PAD
    0x0800277c   0x0800277c   0x00000002   Code   RO          697    .text.HAL_UART_TxCpltCallback  stm32f4xx_hal_uart.o
    0x0800277e   0x0800277e   0x00000002   PAD
    0x08002780   0x08002780   0x00000002   Code   RO           44    .text.HardFault_Handler  stm32f4xx_it.o
    0x08002782   0x08002782   0x00000002   PAD
    0x08002784   0x08002784   0x00000002   Code   RO           46    .text.MemManage_Handler  stm32f4xx_it.o
    0x08002786   0x08002786   0x00000002   PAD
    0x08002788   0x08002788   0x00000002   Code   RO           42    .text.NMI_Handler   stm32f4xx_it.o
    0x0800278a   0x0800278a   0x00000002   PAD
    0x0800278c   0x0800278c   0x00000002   Code   RO           56    .text.PendSV_Handler  stm32f4xx_it.o
    0x0800278e   0x0800278e   0x00000002   PAD
    0x08002790   0x08002790   0x00000002   Code   RO           52    .text.SVC_Handler   stm32f4xx_it.o
    0x08002792   0x08002792   0x00000002   PAD
    0x08002794   0x08002794   0x00000004   Code   RO           58    .text.SysTick_Handler  stm32f4xx_it.o
    0x08002798   0x08002798   0x000000a4   Code   RO           13    .text.SystemClock_Config  main.o
    0x0800283c   0x0800283c   0x00000012   Code   RO          731    .text.SystemInit    system_stm32f4xx.o
    0x0800284e   0x0800284e   0x00000002   PAD
    0x08002850   0x08002850   0x0000000a   Code   RO          691    .text.UART_DMAAbortOnError  stm32f4xx_hal_uart.o
    0x0800285a   0x0800285a   0x00000002   PAD
    0x0800285c   0x0800285c   0x000000fe   Code   RO          689    .text.UART_Receive_IT  stm32f4xx_hal_uart.o
    0x0800295a   0x0800295a   0x00000002   PAD
    0x0800295c   0x0800295c   0x000000e6   Code   RO          613    .text.UART_SetConfig  stm32f4xx_hal_uart.o
    0x08002a42   0x08002a42   0x00000002   PAD
    0x08002a44   0x08002a44   0x0000000c   Code   RO           64    .text.USART1_IRQHandler  stm32f4xx_it.o
    0x08002a50   0x08002a50   0x0000000c   Code   RO           66    .text.USART2_IRQHandler  stm32f4xx_it.o
    0x08002a5c   0x08002a5c   0x0000000c   Code   RO           68    .text.USART6_IRQHandler  stm32f4xx_it.o
    0x08002a68   0x08002a68   0x00000002   Code   RO           50    .text.UsageFault_Handler  stm32f4xx_it.o
    0x08002a6a   0x08002a6a   0x00000002   PAD
    0x08002a6c   0x08002a6c   0x000006c0   Code   RO           11    .text.main          main.o
    0x0800312c   0x0800312c   0x00000034   Code   RO          990    i.__0snprintf       mc_w.l(printfa.o)
    0x08003160   0x08003160   0x0000000e   Code   RO         1074    i.__scatterload_copy  mc_w.l(handlers.o)
    0x0800316e   0x0800316e   0x00000002   Code   RO         1075    i.__scatterload_null  mc_w.l(handlers.o)
    0x08003170   0x08003170   0x0000000e   Code   RO         1076    i.__scatterload_zeroinit  mc_w.l(handlers.o)
    0x0800317e   0x0800317e   0x00000002   PAD
    0x08003180   0x08003180   0x00000184   Code   RO          996    i._fp_digits        mc_w.l(printfa.o)
    0x08003304   0x08003304   0x000006dc   Code   RO          997    i._printf_core      mc_w.l(printfa.o)
    0x080039e0   0x080039e0   0x00000024   Code   RO          998    i._printf_post_padding  mc_w.l(printfa.o)
    0x08003a04   0x08003a04   0x0000002e   Code   RO          999    i._printf_pre_padding  mc_w.l(printfa.o)
    0x08003a32   0x08003a32   0x00000016   Code   RO         1000    i._snputc           mc_w.l(printfa.o)
    0x08003a48   0x08003a48   0x00000010   Data   RO          736    .rodata.AHBPrescTable  system_stm32f4xx.o
    0x08003a58   0x08003a58   0x00000008   Data   RO          737    .rodata.APBPrescTable  system_stm32f4xx.o
    0x08003a60   0x08003a60   0x00000048   Data   RO           30    .rodata.str1.1      main.o
    0x08003aa8   0x08003aa8   0x00000020   Data   RO         1073    Region$$Table       anon$$obj.o


    Execution Region RW_IRAM1 (Exec base: 0x20000000, Load base: 0x08003ac8, Size: 0x00000678, Max: 0x00020000, ABSOLUTE)

    Exec Addr    Load Addr    Size         Type   Attr      Idx    E Section Name        Object

    0x20000000   0x08003ac8   0x0000000c   Data   RW           32    .data..L_MergedGlobals  main.o
    0x2000000c   0x08003ad4   0x00000008   Data   RW          574    .data..L_MergedGlobals  stm32f4xx_hal.o
    0x20000014   0x08003adc   0x00000004   Data   RW          735    .data.SystemCoreClock  system_stm32f4xx.o
    0x20000018        -       0x00000038   Zero   RW           33    .bss..L_MergedGlobals.6  main.o
    0x20000050        -       0x00000100   Zero   RW           28    .bss.ble_line       main.o
    0x20000150        -       0x00000048   Zero   RW           29    .bss.hadc1          main.o
    0x20000198        -       0x00000048   Zero   RW           26    .bss.huart1         main.o
    0x200001e0        -       0x00000048   Zero   RW           25    .bss.huart2         main.o
    0x20000228        -       0x00000048   Zero   RW           27    .bss.huart6         main.o
    0x20000270        -       0x00000004   Zero   RW          573    .bss.uwTick         stm32f4xx_hal.o
    0x20000274   0x08003ae0   0x00000004   PAD
    0x20000278        -       0x00000400   Zero   RW            1    STACK               startup_stm32f411xe.o


==============================================================================

Image component sizes


      Code (inc. data)   RO Data    RW Data    ZI Data      Debug   Object Name

      2516        152         72         12        600      15152   main.o
        36          8        408          0       1024        836   startup_stm32f411xe.o
       204          0          0          8          4       6911   stm32f4xx_hal.o
      1378          0          0          0          0      12138   stm32f4xx_hal_adc.o
       354          0          0          0          0      10025   stm32f4xx_hal_adc_ex.o
       238          0          0          0          0      10258   stm32f4xx_hal_cortex.o
       178          0          0          0          0      10554   stm32f4xx_hal_dma.o
       938          0          0          0          0       5511   stm32f4xx_hal_gpio.o
       628          0          0          0          0       8385   stm32f4xx_hal_msp.o
      1484          4          0          0          0       7713   stm32f4xx_hal_rcc.o
      2564          0          0          0          0      32821   stm32f4xx_hal_uart.o
        74          0          0          0          0       5550   stm32f4xx_it.o
        18          0         24          4          0       2680   system_stm32f4xx.o

    ----------------------------------------------------------------------
     10692        164        536         24       1632     128534   Object Totals
         0          0         32          0          0          0   (incl. Generated)
        82          0          0          0          4          0   (incl. Padding)

    ----------------------------------------------------------------------

      Code (inc. data)   RO Data    RW Data    ZI Data      Debug   Library Member Name

         0          0          0          0          0          0   entry.o
         0          0          0          0          0          0   entry10a.o
         0          0          0          0          0          0   entry11a.o
         8          4          0          0          0          0   entry2.o
         4          0          0          0          0          0   entry5.o
         0          0          0          0          0          0   entry7b.o
         0          0          0          0          0          0   entry8b.o
         8          4          0          0          0          0   entry9a.o
        30          0          0          0          0          0   handlers.o
        48         10          0          0          0         68   init.o
         0          0          0          0          0          0   iusefp.o
        30          0          0          0          0         68   llshl.o
        36          0          0          0          0         68   llsshr.o
        32          0          0          0          0         68   llushr.o
        36          0          0          0          0         68   memcpya.o
        36          0          0          0          0        108   memseta.o
      2300         84          0          0          0        524   printfa.o
        44          0          0          0          0         80   uidiv.o
        98          0          0          0          0         92   uldiv.o
        48          0          0          0          0         68   cdrcmple.o
       334          0          0          0          0        148   dadd.o
       222          0          0          0          0        100   ddiv.o
       186          0          0          0          0        176   depilogue.o
        48          0          0          0          0         68   dfixul.o
       228          0          0          0          0         96   dmul.o
        38          0          0          0          0         68   f2d.o

    ----------------------------------------------------------------------
      3820        102          0          0          0       1868   Library Totals
         6          0          0          0          0          0   (incl. Padding)

    ----------------------------------------------------------------------

      Code (inc. data)   RO Data    RW Data    ZI Data      Debug   Library Name

      2710        102          0          0          0       1144   mc_w.l
      1104          0          0          0          0        724   mf_w.l

    ----------------------------------------------------------------------
      3820        102          0          0          0       1868   Library Totals

    ----------------------------------------------------------------------

==============================================================================


      Code (inc. data)   RO Data    RW Data    ZI Data      Debug   

     14512        266        536         24       1632     129450   Grand Totals
     14512        266        536         24       1632     129450   ELF Image Totals
     14512        266        536         24          0          0   ROM Totals

==============================================================================

    Total RO  Size (Code + RO Data)                15048 (  14.70kB)
    Total RW  Size (RW Data + ZI Data)              1656 (   1.62kB)
    Total ROM Size (Code + RO Data + RW Data)      15072 (  14.72kB)

==============================================================================

