../Core/Src/my_1602.c:17:6:lcd_init	24	static
../Core/Src/my_1602.c:46:6:lcd_send_string	16	static
../Core/Src/my_1602.c:53:6:lcd_clear	8	static
../Core/Src/my_1602.c:58:6:lcd_set_cursor	24	static
../Core/Src/my_1602.c:63:6:lcd_create_char	24	static
../Core/Src/my_1602.c:73:6:lcd_replace_char	32	static
../Core/Src/my_1602.c:85:6:lcd_send_cmd	16	static
../Core/Src/my_1602.c:89:6:lcd_send_data	16	static
../Core/Src/my_1602.c:93:6:lcd_send_raw_cmd	32	static
../Core/Src/my_1602.c:103:6:lcd_send_internal	32	static
